Archive member included to satisfy reference by file (symbol)

C:/PROGRA~2/ARM-GN~1.REL/bin/../lib/gcc/arm-none-eabi/14.3.1/thumb/v7e-m+dp/hard\libgcc.a(_aeabi_uldivmod.o)
                              cmake/stm32cubemx/CMakeFiles/STM32_Drivers.dir/__/__/Drivers/STM32H7xx_HAL_Driver/Src/stm32h7xx_hal_uart.c.obj (__aeabi_uldivmod)
C:/PROGRA~2/ARM-GN~1.REL/bin/../lib/gcc/arm-none-eabi/14.3.1/thumb/v7e-m+dp/hard\libgcc.a(_udivmoddi4.o)
                              C:/PROGRA~2/ARM-GN~1.REL/bin/../lib/gcc/arm-none-eabi/14.3.1/thumb/v7e-m+dp/hard\libgcc.a(_aeabi_uldivmod.o) (__udivmoddi4)
C:/PROGRA~2/ARM-GN~1.REL/bin/../lib/gcc/arm-none-eabi/14.3.1/thumb/v7e-m+dp/hard\libgcc.a(_dvmd_tls.o)
                              C:/PROGRA~2/ARM-GN~1.REL/bin/../lib/gcc/arm-none-eabi/14.3.1/thumb/v7e-m+dp/hard\libgcc.a(_aeabi_uldivmod.o) (__aeabi_ldiv0)
C:/PROGRA~2/ARM-GN~1.REL/bin/../lib/gcc/arm-none-eabi/14.3.1/../../../../arm-none-eabi/lib/thumb/v7e-m+dp/hard\libg_nano.a(libc_a-exit.o)
                              C:/PROGRA~2/ARM-GN~1.REL/bin/../lib/gcc/arm-none-eabi/14.3.1/../../../../arm-none-eabi/lib/thumb/v7e-m+dp/hard/crt0.o (exit)
C:/PROGRA~2/ARM-GN~1.REL/bin/../lib/gcc/arm-none-eabi/14.3.1/../../../../arm-none-eabi/lib/thumb/v7e-m+dp/hard\libg_nano.a(libc_a-findfp.o)
                              C:/PROGRA~2/ARM-GN~1.REL/bin/../lib/gcc/arm-none-eabi/14.3.1/../../../../arm-none-eabi/lib/thumb/v7e-m+dp/hard\libg_nano.a(libc_a-exit.o) (__stdio_exit_handler)
C:/PROGRA~2/ARM-GN~1.REL/bin/../lib/gcc/arm-none-eabi/14.3.1/../../../../arm-none-eabi/lib/thumb/v7e-m+dp/hard\libg_nano.a(libc_a-fwalk.o)
                              C:/PROGRA~2/ARM-GN~1.REL/bin/../lib/gcc/arm-none-eabi/14.3.1/../../../../arm-none-eabi/lib/thumb/v7e-m+dp/hard\libg_nano.a(libc_a-findfp.o) (_fwalk_sglue)
C:/PROGRA~2/ARM-GN~1.REL/bin/../lib/gcc/arm-none-eabi/14.3.1/../../../../arm-none-eabi/lib/thumb/v7e-m+dp/hard\libg_nano.a(libc_a-stdio.o)
                              C:/PROGRA~2/ARM-GN~1.REL/bin/../lib/gcc/arm-none-eabi/14.3.1/../../../../arm-none-eabi/lib/thumb/v7e-m+dp/hard\libg_nano.a(libc_a-findfp.o) (__sread)
C:/PROGRA~2/ARM-GN~1.REL/bin/../lib/gcc/arm-none-eabi/14.3.1/../../../../arm-none-eabi/lib/thumb/v7e-m+dp/hard\libg_nano.a(libc_a-memset.o)
                              C:/PROGRA~2/ARM-GN~1.REL/bin/../lib/gcc/arm-none-eabi/14.3.1/../../../../arm-none-eabi/lib/thumb/v7e-m+dp/hard/crt0.o (memset)
C:/PROGRA~2/ARM-GN~1.REL/bin/../lib/gcc/arm-none-eabi/14.3.1/../../../../arm-none-eabi/lib/thumb/v7e-m+dp/hard\libg_nano.a(libc_a-closer.o)
                              C:/PROGRA~2/ARM-GN~1.REL/bin/../lib/gcc/arm-none-eabi/14.3.1/../../../../arm-none-eabi/lib/thumb/v7e-m+dp/hard\libg_nano.a(libc_a-stdio.o) (_close_r)
C:/PROGRA~2/ARM-GN~1.REL/bin/../lib/gcc/arm-none-eabi/14.3.1/../../../../arm-none-eabi/lib/thumb/v7e-m+dp/hard\libg_nano.a(libc_a-reent.o)
                              C:/PROGRA~2/ARM-GN~1.REL/bin/../lib/gcc/arm-none-eabi/14.3.1/../../../../arm-none-eabi/lib/thumb/v7e-m+dp/hard\libg_nano.a(libc_a-closer.o) (errno)
C:/PROGRA~2/ARM-GN~1.REL/bin/../lib/gcc/arm-none-eabi/14.3.1/../../../../arm-none-eabi/lib/thumb/v7e-m+dp/hard\libg_nano.a(libc_a-impure.o)
                              C:/PROGRA~2/ARM-GN~1.REL/bin/../lib/gcc/arm-none-eabi/14.3.1/../../../../arm-none-eabi/lib/thumb/v7e-m+dp/hard\libg_nano.a(libc_a-reent.o) (_impure_ptr)
C:/PROGRA~2/ARM-GN~1.REL/bin/../lib/gcc/arm-none-eabi/14.3.1/../../../../arm-none-eabi/lib/thumb/v7e-m+dp/hard\libg_nano.a(libc_a-lseekr.o)
                              C:/PROGRA~2/ARM-GN~1.REL/bin/../lib/gcc/arm-none-eabi/14.3.1/../../../../arm-none-eabi/lib/thumb/v7e-m+dp/hard\libg_nano.a(libc_a-stdio.o) (_lseek_r)
C:/PROGRA~2/ARM-GN~1.REL/bin/../lib/gcc/arm-none-eabi/14.3.1/../../../../arm-none-eabi/lib/thumb/v7e-m+dp/hard\libg_nano.a(libc_a-readr.o)
                              C:/PROGRA~2/ARM-GN~1.REL/bin/../lib/gcc/arm-none-eabi/14.3.1/../../../../arm-none-eabi/lib/thumb/v7e-m+dp/hard\libg_nano.a(libc_a-stdio.o) (_read_r)
C:/PROGRA~2/ARM-GN~1.REL/bin/../lib/gcc/arm-none-eabi/14.3.1/../../../../arm-none-eabi/lib/thumb/v7e-m+dp/hard\libg_nano.a(libc_a-writer.o)
                              C:/PROGRA~2/ARM-GN~1.REL/bin/../lib/gcc/arm-none-eabi/14.3.1/../../../../arm-none-eabi/lib/thumb/v7e-m+dp/hard\libg_nano.a(libc_a-stdio.o) (_write_r)
C:/PROGRA~2/ARM-GN~1.REL/bin/../lib/gcc/arm-none-eabi/14.3.1/../../../../arm-none-eabi/lib/thumb/v7e-m+dp/hard\libg_nano.a(libc_a-errno.o)
                              CMakeFiles/project.dir/Core/Src/syscalls.c.obj (__errno)
C:/PROGRA~2/ARM-GN~1.REL/bin/../lib/gcc/arm-none-eabi/14.3.1/../../../../arm-none-eabi/lib/thumb/v7e-m+dp/hard\libg_nano.a(libc_a-init.o)
                              C:/PROGRA~2/ARM-GN~1.REL/bin/../lib/gcc/arm-none-eabi/14.3.1/../../../../arm-none-eabi/lib/thumb/v7e-m+dp/hard/crt0.o (__libc_init_array)
[...]
Memory Configuration

Name             Origin             Length             Attributes
DTCMRAM          0x20000000         0x00020000         xrw
RAM_D1           0x24000000         0x00050000         xrw
RAM_D2           0x30000000         0x00008000         xrw
RAM_D3           0x38000000         0x00004000         xrw
ITCMRAM          0x00000000         0x00010000         xrw
FLASH            0x08000000         0x00100000         xr
*default*        0x00000000         0xffffffff

Linker script and memory map

LOAD C:/PROGRA~2/ARM-GN~1.REL/bin/../lib/gcc/arm-none-eabi/14.3.1/thumb/v7e-m+dp/hard/crti.o
LOAD C:/PROGRA~2/ARM-GN~1.REL/bin/../lib/gcc/arm-none-eabi/14.3.1/thumb/v7e-m+dp/hard/crtbegin.o
LOAD C:/PROGRA~2/ARM-GN~1.REL/bin/../lib/gcc/arm-none-eabi/14.3.1/../../../../arm-none-eabi/lib/thumb/v7e-m+dp/hard/crt0.o
LOAD cmake/stm32cubemx/CMakeFiles/STM32_Drivers.dir/__/__/Core/Src/system_stm32h7xx.c.obj
LOAD cmake/stm32cubemx/CMakeFiles/STM32_Drivers.dir/__/__/Drivers/STM32H7xx_HAL_Driver/Src/stm32h7xx_hal_pcd.c.obj
LOAD cmake/stm32cubemx/CMakeFiles/STM32_Drivers.dir/__/__/Drivers/STM32H7xx_HAL_Driver/Src/stm32h7xx_hal_pcd_ex.c.obj
LOAD cmake/stm32cubemx/CMakeFiles/STM32_Drivers.dir/__/__/Drivers/STM32H7xx_HAL_Driver/Src/stm32h7xx_ll_usb.c.obj
LOAD cmake/stm32cubemx/CMakeFiles/STM32_Drivers.dir/__/__/Drivers/STM32H7xx_HAL_Driver/Src/stm32h7xx_hal_rcc.c.obj
LOAD cmake/stm32cubemx/CMakeFiles/STM32_Drivers.dir/__/__/Drivers/STM32H7xx_HAL_Driver/Src/stm32h7xx_hal_rcc_ex.c.obj
LOAD cmake/stm32cubemx/CMakeFiles/STM32_Drivers.dir/__/__/Drivers/STM32H7xx_HAL_Driver/Src/stm32h7xx_hal_flash.c.obj
LOAD cmake/stm32cubemx/CMakeFiles/STM32_Drivers.dir/__/__/Drivers/STM32H7xx_HAL_Driver/Src/stm32h7xx_hal_flash_ex.c.obj
LOAD cmake/stm32cubemx/CMakeFiles/STM32_Drivers.dir/__/__/Drivers/STM32H7xx_HAL_Driver/Src/stm32h7xx_hal_gpio.c.obj
LOAD cmake/stm32cubemx/CMakeFiles/STM32_Drivers.dir/__/__/Drivers/STM32H7xx_HAL_Driver/Src/stm32h7xx_hal_hsem.c.obj
LOAD cmake/stm32cubemx/CMakeFiles/STM32_Drivers.dir/__/__/Drivers/STM32H7xx_HAL_Driver/Src/stm32h7xx_hal_dma.c.obj
LOAD cmake/stm32cubemx/CMakeFiles/STM32_Drivers.dir/__/__/Drivers/STM32H7xx_HAL_Driver/Src/stm32h7xx_hal_dma_ex.c.obj
LOAD cmake/stm32cubemx/CMakeFiles/STM32_Drivers.dir/__/__/Drivers/STM32H7xx_HAL_Driver/Src/stm32h7xx_hal_mdma.c.obj
LOAD cmake/stm32cubemx/CMakeFiles/STM32_Drivers.dir/__/__/Drivers/STM32H7xx_HAL_Driver/Src/stm32h7xx_hal_pwr.c.obj
LOAD cmake/stm32cubemx/CMakeFiles/STM32_Drivers.dir/__/__/Drivers/STM32H7xx_HAL_Driver/Src/stm32h7xx_hal_pwr_ex.c.obj
LOAD cmake/stm32cubemx/CMakeFiles/STM32_Drivers.dir/__/__/Drivers/STM32H7xx_HAL_Driver/Src/stm32h7xx_hal_cortex.c.obj
LOAD cmake/stm32cubemx/CMakeFiles/STM32_Drivers.dir/__/__/Drivers/STM32H7xx_HAL_Driver/Src/stm32h7xx_hal.c.obj
LOAD cmake/stm32cubemx/CMakeFiles/STM32_Drivers.dir/__/__/Drivers/STM32H7xx_HAL_Driver/Src/stm32h7xx_hal_i2c.c.obj
LOAD cmake/stm32cubemx/CMakeFiles/STM32_Drivers.dir/__/__/Drivers/STM32H7xx_HAL_Driver/Src/stm32h7xx_hal_i2c_ex.c.obj
LOAD cmake/stm32cubemx/CMakeFiles/STM32_Drivers.dir/__/__/Drivers/STM32H7xx_HAL_Driver/Src/stm32h7xx_hal_exti.c.obj
LOAD cmake/stm32cubemx/CMakeFiles/STM32_Drivers.dir/__/__/Drivers/STM32H7xx_HAL_Driver/Src/stm32h7xx_hal_cordic.c.obj
LOAD cmake/stm32cubemx/CMakeFiles/STM32_Drivers.dir/__/__/Drivers/STM32H7xx_HAL_Driver/Src/stm32h7xx_hal_fdcan.c.obj
LOAD cmake/stm32cubemx/CMakeFiles/STM32_Drivers.dir/__/__/Drivers/STM32H7xx_HAL_Driver/Src/stm32h7xx_hal_iwdg.c.obj
LOAD cmake/stm32cubemx/CMakeFiles/STM32_Drivers.dir/__/__/Drivers/STM32H7xx_HAL_Driver/Src/stm32h7xx_hal_spi.c.obj
LOAD cmake/stm32cubemx/CMakeFiles/STM32_Drivers.dir/__/__/Drivers/STM32H7xx_HAL_Driver/Src/stm32h7xx_hal_spi_ex.c.obj
LOAD cmake/stm32cubemx/CMakeFiles/STM32_Drivers.dir/__/__/Drivers/STM32H7xx_HAL_Driver/Src/stm32h7xx_hal_tim.c.obj
LOAD cmake/stm32cubemx/CMakeFiles/STM32_Drivers.dir/__/__/Drivers/STM32H7xx_HAL_Driver/Src/stm32h7xx_hal_tim_ex.c.obj
LOAD cmake/stm32cubemx/CMakeFiles/STM32_Drivers.dir/__/__/Drivers/STM32H7xx_HAL_Driver/Src/stm32h7xx_hal_uart.c.obj
LOAD cmake/stm32cubemx/CMakeFiles/STM32_Drivers.dir/__/__/Drivers/STM32H7xx_HAL_Driver/Src/stm32h7xx_hal_uart_ex.c.obj
LOAD cmake/stm32cubemx/CMakeFiles/USB_Device_Library.dir/__/__/Middlewares/ST/STM32_USB_Device_Library/Core/Src/usbd_core.c.obj
LOAD cmake/stm32cubemx/CMakeFiles/USB_Device_Library.dir/__/__/Middlewares/ST/STM32_USB_Device_Library/Core/Src/usbd_ctlreq.c.obj
LOAD cmake/stm32cubemx/CMakeFiles/USB_Device_Library.dir/__/__/Middlewares/ST/STM32_USB_Device_Library/Core/Src/usbd_ioreq.c.obj
LOAD cmake/stm32cubemx/CMakeFiles/USB_Device_Library.dir/__/__/Middlewares/ST/STM32_USB_Device_Library/Class/CDC/Src/usbd_cdc.c.obj
LOAD CMakeFiles/project.dir/Core/Src/bdma.c.obj
LOAD CMakeFiles/project.dir/Core/Src/cordic.c.obj
LOAD CMakeFiles/project.dir/Core/Src/dma.c.obj
LOAD CMakeFiles/project.dir/Core/Src/fdcan.c.obj
LOAD CMakeFiles/project.dir/Core/Src/gpio.c.obj
LOAD CMakeFiles/project.dir/Core/Src/iwdg.c.obj
LOAD CMakeFiles/project.dir/Core/Src/main.c.obj
LOAD CMakeFiles/project.dir/Core/Src/spi.c.obj
LOAD CMakeFiles/project.dir/Core/Src/stm32h7xx_hal_msp.c.obj
LOAD CMakeFiles/project.dir/Core/Src/stm32h7xx_it.c.obj
LOAD CMakeFiles/project.dir/Core/Src/syscalls.c.obj
LOAD CMakeFiles/project.dir/Core/Src/sysmem.c.obj
LOAD CMakeFiles/project.dir/Core/Src/tim.c.obj
LOAD CMakeFiles/project.dir/Core/Src/usart.c.obj
LOAD CMakeFiles/project.dir/startup_stm32h723xx.s.obj
LOAD CMakeFiles/project.dir/USB_DEVICE/Target/usbd_conf.c.obj
LOAD CMakeFiles/project.dir/USB_DEVICE/App/usb_device.c.obj
LOAD CMakeFiles/project.dir/USB_DEVICE/App/usbd_desc.c.obj
LOAD CMakeFiles/project.dir/USB_DEVICE/App/usbd_cdc_if.c.obj
LOAD C:/PROGRA~2/ARM-GN~1.REL/bin/../lib/gcc/arm-none-eabi/14.3.1/../../../../arm-none-eabi/lib/thumb/v7e-m+dp/hard\libm.a
LOAD libdrivers.a
START GROUP
LOAD C:/PROGRA~2/ARM-GN~1.REL/bin/../lib/gcc/arm-none-eabi/14.3.1/thumb/v7e-m+dp/hard\libgcc.a
LOAD C:/PROGRA~2/ARM-GN~1.REL/bin/../lib/gcc/arm-none-eabi/14.3.1/../../../../arm-none-eabi/lib/thumb/v7e-m+dp/hard\libg_nano.a
LOAD C:/PROGRA~2/ARM-GN~1.REL/bin/../lib/gcc/arm-none-eabi/14.3.1/../../../../arm-none-eabi/lib/thumb/v7e-m+dp/hard\libc_nano.a
END GROUP
START GROUP
LOAD C:/PROGRA~2/ARM-GN~1.REL/bin/../lib/gcc/arm-none-eabi/14.3.1/thumb/v7e-m+dp/hard\libgcc.a
LOAD C:/PROGRA~2/ARM-GN~1.REL/bin/../lib/gcc/arm-none-eabi/14.3.1/../../../../arm-none-eabi/lib/thumb/v7e-m+dp/hard\libc_nano.a
END GROUP
LOAD C:/PROGRA~2/ARM-GN~1.REL/bin/../lib/gcc/arm-none-eabi/14.3.1/thumb/v7e-m+dp/hard/crtend.o
LOAD C:/PROGRA~2/ARM-GN~1.REL/bin/../lib/gcc/arm-none-eabi/14.3.1/thumb/v7e-m+dp/hard/crtn.o
                0x20020000                        _estack = (ORIGIN (DTCMRAM) + LENGTH (DTCMRAM))
                0x00000800                        _Min_Heap_Size = 0x800
                0x00000800                        _Min_Stack_Size = 0x800

.isr_vector     0x08000000      0x2cc
                0x08000000                        . = ALIGN (0x4)
 *(.isr_vector)
 .isr_vector    0x08000000      0x2cc CMakeFiles/project.dir/startup_stm32h723xx.s.obj
                0x08000000                g_pfnVectors
                0x080002cc                        . = ALIGN (0x4)

.text           0x080002cc     0xa534
                0x080002cc                        . = ALIGN (0x4)
 *(.text)
 .text          0x080002cc       0x30 C:/PROGRA~2/ARM-GN~1.REL/bin/../lib/gcc/arm-none-eabi/14.3.1/thumb/v7e-m+dp/hard\libgcc.a(_aeabi_uldivmod.o)
                0x080002cc                __aeabi_uldivmod
 .text          0x080002fc        0x4 C:/PROGRA~2/ARM-GN~1.REL/bin/../lib/gcc/arm-none-eabi/14.3.1/thumb/v7e-m+dp/hard\libgcc.a(_dvmd_tls.o)
                0x080002fc                __aeabi_idiv0
                0x080002fc                __aeabi_ldiv0
 .text          0x08000300       0x10 C:/PROGRA~2/ARM-GN~1.REL/bin/../lib/gcc/arm-none-eabi/14.3.1/../../../../arm-none-eabi/lib/thumb/v7e-m+dp/hard\libg_nano.a(libc_a-strlen.o)
                0x08000300                strlen
 *(.text*)
 .text.deregister_tm_clones
                0x08000310       0x1c C:/PROGRA~2/ARM-GN~1.REL/bin/../lib/gcc/arm-none-eabi/14.3.1/thumb/v7e-m+dp/hard/crtbegin.o
 .text.register_tm_clones
                0x0800032c       0x24 C:/PROGRA~2/ARM-GN~1.REL/bin/../lib/gcc/arm-none-eabi/14.3.1/thumb/v7e-m+dp/hard/crtbegin.o
 .text.__do_global_dtors_aux
                0x08000350       0x28 C:/PROGRA~2/ARM-GN~1.REL/bin/../lib/gcc/arm-none-eabi/14.3.1/thumb/v7e-m+dp/hard/crtbegin.o
 .text.frame_dummy
                0x08000378       0x24 C:/PROGRA~2/ARM-GN~1.REL/bin/../lib/gcc/arm-none-eabi/14.3.1/thumb/v7e-m+dp/hard/crtbegin.o
 .text.SystemInit
                0x0800039c       0xc4 cmake/stm32cubemx/CMakeFiles/STM32_Drivers.dir/__/__/Core/Src/system_stm32h7xx.c.obj
                0x0800039c                SystemInit
 .text.ExitRun0Mode
                0x08000460       0x18 cmake/stm32cubemx/CMakeFiles/STM32_Drivers.dir/__/__/Core/Src/system_stm32h7xx.c.obj
                0x08000460                ExitRun0Mode
 .text.HAL_PCD_Init
                0x08000478       0xf4 cmake/stm32cubemx/CMakeFiles/STM32_Drivers.dir/__/__/Drivers/STM32H7xx_HAL_Driver/Src/stm32h7xx_hal_pcd.c.obj
                0x08000478                HAL_PCD_Init
 .text.HAL_PCD_Start
                0x0800056c       0x3e cmake/stm32cubemx/CMakeFiles/STM32_Drivers.dir/__/__/Drivers/STM32H7xx_HAL_Driver/Src/stm32h7xx_hal_pcd.c.obj
                0x0800056c                HAL_PCD_Start
 .text.HAL_PCD_SetAddress
                0x080005aa       0x26 cmake/stm32cubemx/CMakeFiles/STM32_Drivers.dir/__/__/Drivers/STM32H7xx_HAL_Driver/Src/stm32h7xx_hal_pcd.c.obj
                0x080005aa                HAL_PCD_SetAddress
 .text.HAL_PCD_EP_Open
                0x080005d0       0x6a cmake/stm32cubemx/CMakeFiles/STM32_Drivers.dir/__/__/Drivers/STM32H7xx_HAL_Driver/Src/stm32h7xx_hal_pcd.c.obj
                0x080005d0                HAL_PCD_EP_Open
 .text.HAL_PCD_EP_Close
                0x0800063a       0x52 cmake/stm32cubemx/CMakeFiles/STM32_Drivers.dir/__/__/Drivers/STM32H7xx_HAL_Driver/Src/stm32h7xx_hal_pcd.c.obj
                0x0800063a                HAL_PCD_EP_Close
 .text.HAL_PCD_EP_Receive
                0x0800068c       0x3a cmake/stm32cubemx/CMakeFiles/STM32_Drivers.dir/__/__/Drivers/STM32H7xx_HAL_Driver/Src/stm32h7xx_hal_pcd.c.obj
                0x0800068c                HAL_PCD_EP_Receive
 .text.HAL_PCD_EP_GetRxCount
                0x080006c6       0x10 cmake/stm32cubemx/CMakeFiles/STM32_Drivers.dir/__/__/Drivers/STM32H7xx_HAL_Driver/Src/stm32h7xx_hal_pcd.c.obj
                0x080006c6                HAL_PCD_EP_GetRxCount
 .text.HAL_PCD_EP_Transmit
                0x080006d6       0x34 cmake/stm32cubemx/CMakeFiles/STM32_Drivers.dir/__/__/Drivers/STM32H7xx_HAL_Driver/Src/stm32h7xx_hal_pcd.c.obj
                0x080006d6                HAL_PCD_EP_Transmit
 .text.HAL_PCD_EP_SetStall
                0x0800070a       0x6e cmake/stm32cubemx/CMakeFiles/STM32_Drivers.dir/__/__/Drivers/STM32H7xx_HAL_Driver/Src/stm32h7xx_hal_pcd.c.obj
                0x0800070a                HAL_PCD_EP_SetStall
 .text.HAL_PCD_EP_ClrStall
                0x08000778       0x62 cmake/stm32cubemx/CMakeFiles/STM32_Drivers.dir/__/__/Drivers/STM32H7xx_HAL_Driver/Src/stm32h7xx_hal_pcd.c.obj
                0x08000778                HAL_PCD_EP_ClrStall
 .text.HAL_PCD_EP_Abort
                0x080007da       0x1c cmake/stm32cubemx/CMakeFiles/STM32_Drivers.dir/__/__/Drivers/STM32H7xx_HAL_Driver/Src/stm32h7xx_hal_pcd.c.obj
                0x080007da                HAL_PCD_EP_Abort
 *fill*         0x080007f6        0x2 
 .text.HAL_PCD_IRQHandler
                0x080007f8      0x6d0 cmake/stm32cubemx/CMakeFiles/STM32_Drivers.dir/__/__/Drivers/STM32H7xx_HAL_Driver/Src/stm32h7xx_hal_pcd.c.obj
                0x080007f8                HAL_PCD_IRQHandler
 .text.HAL_PCDEx_SetTxFiFo
                0x08000ec8       0x3e cmake/stm32cubemx/CMakeFiles/STM32_Drivers.dir/__/__/Drivers/STM32H7xx_HAL_Driver/Src/stm32h7xx_hal_pcd_ex.c.obj
                0x08000ec8                HAL_PCDEx_SetTxFiFo
 .text.HAL_PCDEx_SetRxFiFo
                0x08000f06        0x8 cmake/stm32cubemx/CMakeFiles/STM32_Drivers.dir/__/__/Drivers/STM32H7xx_HAL_Driver/Src/stm32h7xx_hal_pcd_ex.c.obj
                0x08000f06                HAL_PCDEx_SetRxFiFo
 .text.HAL_PCDEx_ActivateLPM
                0x08000f0e       0x26 cmake/stm32cubemx/CMakeFiles/STM32_Drivers.dir/__/__/Drivers/STM32H7xx_HAL_Driver/Src/stm32h7xx_hal_pcd_ex.c.obj
                0x08000f0e                HAL_PCDEx_ActivateLPM
 .text.HAL_PCDEx_LPM_Callback
                0x08000f34        0x2 cmake/stm32cubemx/CMakeFiles/STM32_Drivers.dir/__/__/Drivers/STM32H7xx_HAL_Driver/Src/stm32h7xx_hal_pcd_ex.c.obj
                0x08000f34                HAL_PCDEx_LPM_Callback
 .text.USB_CoreReset
                0x08000f36       0x46 cmake/stm32cubemx/CMakeFiles/STM32_Drivers.dir/__/__/Drivers/STM32H7xx_HAL_Driver/Src/stm32h7xx_ll_usb.c.obj
 .text.USB_CoreInit
                0x08000f7c       0x9c cmake/stm32cubemx/CMakeFiles/STM32_Drivers.dir/__/__/Drivers/STM32H7xx_HAL_Driver/Src/stm32h7xx_ll_usb.c.obj
                0x08000f7c                USB_CoreInit
 .text.USB_SetTurnaroundTime
                0x08001018       0xe0 cmake/stm32cubemx/CMakeFiles/STM32_Drivers.dir/__/__/Drivers/STM32H7xx_HAL_Driver/Src/stm32h7xx_ll_usb.c.obj
                0x08001018                USB_SetTurnaroundTime
 .text.USB_EnableGlobalInt
                0x080010f8        0xc cmake/stm32cubemx/CMakeFiles/STM32_Drivers.dir/__/__/Drivers/STM32H7xx_HAL_Driver/Src/stm32h7xx_ll_usb.c.obj
                0x080010f8                USB_EnableGlobalInt
 .text.USB_DisableGlobalInt
                0x08001104        0xc cmake/stm32cubemx/CMakeFiles/STM32_Drivers.dir/__/__/Drivers/STM32H7xx_HAL_Driver/Src/stm32h7xx_ll_usb.c.obj
                0x08001104                USB_DisableGlobalInt
 .text.USB_SetCurrentMode
                0x08001110       0x5c cmake/stm32cubemx/CMakeFiles/STM32_Drivers.dir/__/__/Drivers/STM32H7xx_HAL_Driver/Src/stm32h7xx_ll_usb.c.obj
                0x08001110                USB_SetCurrentMode
 .text.USB_FlushTxFifo
                0x0800116c       0x46 cmake/stm32cubemx/CMakeFiles/STM32_Drivers.dir/__/__/Drivers/STM32H7xx_HAL_Driver/Src/stm32h7xx_ll_usb.c.obj
                0x0800116c                USB_FlushTxFifo
 .text.USB_FlushRxFifo
                0x080011b2       0x42 cmake/stm32cubemx/CMakeFiles/STM32_Drivers.dir/__/__/Drivers/STM32H7xx_HAL_Driver/Src/stm32h7xx_ll_usb.c.obj
                0x080011b2                USB_FlushRxFifo
 .text.USB_SetDevSpeed
                0x080011f4        0xe cmake/stm32cubemx/CMakeFiles/STM32_Drivers.dir/__/__/Drivers/STM32H7xx_HAL_Driver/Src/stm32h7xx_ll_usb.c.obj
                0x080011f4                USB_SetDevSpeed
 *fill*         0x08001202        0x2 
 .text.USB_DevInit
                0x08001204      0x170 cmake/stm32cubemx/CMakeFiles/STM32_Drivers.dir/__/__/Drivers/STM32H7xx_HAL_Driver/Src/stm32h7xx_ll_usb.c.obj
                0x08001204                USB_DevInit
 .text.USB_GetDevSpeed
                0x08001374       0x16 cmake/stm32cubemx/CMakeFiles/STM32_Drivers.dir/__/__/Drivers/STM32H7xx_HAL_Driver/Src/stm32h7xx_ll_usb.c.obj
                0x08001374                USB_GetDevSpeed
 .text.USB_ActivateEndpoint
                0x0800138a       0x7e cmake/stm32cubemx/CMakeFiles/STM32_Drivers.dir/__/__/Drivers/STM32H7xx_HAL_Driver/Src/stm32h7xx_ll_usb.c.obj
                0x0800138a                USB_ActivateEndpoint
 .text.USB_DeactivateEndpoint
                0x08001408       0xac cmake/stm32cubemx/CMakeFiles/STM32_Drivers.dir/__/__/Drivers/STM32H7xx_HAL_Driver/Src/stm32h7xx_ll_usb.c.obj
                0x08001408                USB_DeactivateEndpoint
 .text.USB_EPStopXfer
                0x080014b4       0x84 cmake/stm32cubemx/CMakeFiles/STM32_Drivers.dir/__/__/Drivers/STM32H7xx_HAL_Driver/Src/stm32h7xx_ll_usb.c.obj
                0x080014b4                USB_EPStopXfer
 .text.USB_WritePacket
                0x08001538       0x26 cmake/stm32cubemx/CMakeFiles/STM32_Drivers.dir/__/__/Drivers/STM32H7xx_HAL_Driver/Src/stm32h7xx_ll_usb.c.obj
                0x08001538                USB_WritePacket
 *fill*         0x0800155e        0x2 
 .text.USB_EPStartXfer
                0x08001560      0x1e0 cmake/stm32cubemx/CMakeFiles/STM32_Drivers.dir/__/__/Drivers/STM32H7xx_HAL_Driver/Src/stm32h7xx_ll_usb.c.obj
                0x08001560                USB_EPStartXfer
 .text.USB_ReadPacket
                0x08001740       0x42 cmake/stm32cubemx/CMakeFiles/STM32_Drivers.dir/__/__/Drivers/STM32H7xx_HAL_Driver/Src/stm32h7xx_ll_usb.c.obj
                0x08001740                USB_ReadPacket
 .text.USB_EPSetStall
                0x08001782       0x56 cmake/stm32cubemx/CMakeFiles/STM32_Drivers.dir/__/__/Drivers/STM32H7xx_HAL_Driver/Src/stm32h7xx_ll_usb.c.obj
                0x08001782                USB_EPSetStall
 .text.USB_EPClearStall
                0x080017d8       0x52 cmake/stm32cubemx/CMakeFiles/STM32_Drivers.dir/__/__/Drivers/STM32H7xx_HAL_Driver/Src/stm32h7xx_ll_usb.c.obj
                0x080017d8                USB_EPClearStall
 .text.USB_SetDevAddress
                0x0800182a       0x20 cmake/stm32cubemx/CMakeFiles/STM32_Drivers.dir/__/__/Drivers/STM32H7xx_HAL_Driver/Src/stm32h7xx_ll_usb.c.obj
                0x0800182a                USB_SetDevAddress
 .text.USB_DevConnect
                0x0800184a       0x1c cmake/stm32cubemx/CMakeFiles/STM32_Drivers.dir/__/__/Drivers/STM32H7xx_HAL_Driver/Src/stm32h7xx_ll_usb.c.obj
                0x0800184a                USB_DevConnect
 .text.USB_DevDisconnect
                0x08001866       0x1c cmake/stm32cubemx/CMakeFiles/STM32_Drivers.dir/__/__/Drivers/STM32H7xx_HAL_Driver/Src/stm32h7xx_ll_usb.c.obj
                0x08001866                USB_DevDisconnect
 .text.USB_ReadInterrupts
                0x08001882        0x8 cmake/stm32cubemx/CMakeFiles/STM32_Drivers.dir/__/__/Drivers/STM32H7xx_HAL_Driver/Src/stm32h7xx_ll_usb.c.obj
                0x08001882                USB_ReadInterrupts
 .text.USB_ReadDevAllOutEpInterrupt
                0x0800188a       0x10 cmake/stm32cubemx/CMakeFiles/STM32_Drivers.dir/__/__/Drivers/STM32H7xx_HAL_Driver/Src/stm32h7xx_ll_usb.c.obj
                0x0800188a                USB_ReadDevAllOutEpInterrupt
 .text.USB_ReadDevAllInEpInterrupt
                0x0800189a       0x10 cmake/stm32cubemx/CMakeFiles/STM32_Drivers.dir/__/__/Drivers/STM32H7xx_HAL_Driver/Src/stm32h7xx_ll_usb.c.obj
                0x0800189a                USB_ReadDevAllInEpInterrupt
 .text.USB_ReadDevOutEPInterrupt
                0x080018aa       0x12 cmake/stm32cubemx/CMakeFiles/STM32_Drivers.dir/__/__/Drivers/STM32H7xx_HAL_Driver/Src/stm32h7xx_ll_usb.c.obj
                0x080018aa                USB_ReadDevOutEPInterrupt
 .text.USB_ReadDevInEPInterrupt
                0x080018bc       0x22 cmake/stm32cubemx/CMakeFiles/STM32_Drivers.dir/__/__/Drivers/STM32H7xx_HAL_Driver/Src/stm32h7xx_ll_usb.c.obj
                0x080018bc                USB_ReadDevInEPInterrupt
 .text.USB_GetMode
                0x080018de        0x8 cmake/stm32cubemx/CMakeFiles/STM32_Drivers.dir/__/__/Drivers/STM32H7xx_HAL_Driver/Src/stm32h7xx_ll_usb.c.obj
                0x080018de                USB_GetMode
 .text.USB_ActivateSetup
                0x080018e6       0x1c cmake/stm32cubemx/CMakeFiles/STM32_Drivers.dir/__/__/Drivers/STM32H7xx_HAL_Driver/Src/stm32h7xx_ll_usb.c.obj
                0x080018e6                USB_ActivateSetup
 *fill*         0x08001902        0x2 
 .text.USB_EP0_OutStart
                0x08001904       0x4c cmake/stm32cubemx/CMakeFiles/STM32_Drivers.dir/__/__/Drivers/STM32H7xx_HAL_Driver/Src/stm32h7xx_ll_usb.c.obj
                0x08001904                USB_EP0_OutStart
 .text.HAL_RCC_OscConfig
                0x08001950      0x688 cmake/stm32cubemx/CMakeFiles/STM32_Drivers.dir/__/__/Drivers/STM32H7xx_HAL_Driver/Src/stm32h7xx_hal_rcc.c.obj
                0x08001950                HAL_RCC_OscConfig
 .text.HAL_RCC_GetSysClockFreq
                0x08001fd8      0x144 cmake/stm32cubemx/CMakeFiles/STM32_Drivers.dir/__/__/Drivers/STM32H7xx_HAL_Driver/Src/stm32h7xx_hal_rcc.c.obj
                0x08001fd8                HAL_RCC_GetSysClockFreq
 .text.HAL_RCC_ClockConfig
                0x0800211c      0x3b8 cmake/stm32cubemx/CMakeFiles/STM32_Drivers.dir/__/__/Drivers/STM32H7xx_HAL_Driver/Src/stm32h7xx_hal_rcc.c.obj
                0x0800211c                HAL_RCC_ClockConfig
 .text.HAL_RCC_GetHCLKFreq
                0x080024d4       0x44 cmake/stm32cubemx/CMakeFiles/STM32_Drivers.dir/__/__/Drivers/STM32H7xx_HAL_Driver/Src/stm32h7xx_hal_rcc.c.obj
                0x080024d4                HAL_RCC_GetHCLKFreq
 .text.HAL_RCC_GetPCLK1Freq
                0x08002518       0x24 cmake/stm32cubemx/CMakeFiles/STM32_Drivers.dir/__/__/Drivers/STM32H7xx_HAL_Driver/Src/stm32h7xx_hal_rcc.c.obj
                0x08002518                HAL_RCC_GetPCLK1Freq
 .text.HAL_RCC_GetPCLK2Freq
                0x0800253c       0x24 cmake/stm32cubemx/CMakeFiles/STM32_Drivers.dir/__/__/Drivers/STM32H7xx_HAL_Driver/Src/stm32h7xx_hal_rcc.c.obj
                0x0800253c                HAL_RCC_GetPCLK2Freq
 .text.RCCEx_PLL2_Config
                0x08002560      0x180 cmake/stm32cubemx/CMakeFiles/STM32_Drivers.dir/__/__/Drivers/STM32H7xx_HAL_Driver/Src/stm32h7xx_hal_rcc_ex.c.obj
 .text.RCCEx_PLL3_Config
                0x080026e0      0x180 cmake/stm32cubemx/CMakeFiles/STM32_Drivers.dir/__/__/Drivers/STM32H7xx_HAL_Driver/Src/stm32h7xx_hal_rcc_ex.c.obj
 .text.HAL_RCCEx_PeriphCLKConfig
                0x08002860      0xb08 cmake/stm32cubemx/CMakeFiles/STM32_Drivers.dir/__/__/Drivers/STM32H7xx_HAL_Driver/Src/stm32h7xx_hal_rcc_ex.c.obj
                0x08002860                HAL_RCCEx_PeriphCLKConfig
 .text.HAL_RCCEx_GetD3PCLK1Freq
                0x08003368       0x24 cmake/stm32cubemx/CMakeFiles/STM32_Drivers.dir/__/__/Drivers/STM32H7xx_HAL_Driver/Src/stm32h7xx_hal_rcc_ex.c.obj
                0x08003368                HAL_RCCEx_GetD3PCLK1Freq
 .text.HAL_RCCEx_GetPLL2ClockFreq
                0x0800338c      0x154 cmake/stm32cubemx/CMakeFiles/STM32_Drivers.dir/__/__/Drivers/STM32H7xx_HAL_Driver/Src/stm32h7xx_hal_rcc_ex.c.obj
                0x0800338c                HAL_RCCEx_GetPLL2ClockFreq
 .text.HAL_RCCEx_GetPLL3ClockFreq
                0x080034e0      0x154 cmake/stm32cubemx/CMakeFiles/STM32_Drivers.dir/__/__/Drivers/STM32H7xx_HAL_Driver/Src/stm32h7xx_hal_rcc_ex.c.obj
                0x080034e0                HAL_RCCEx_GetPLL3ClockFreq
 .text.HAL_GPIO_Init
                0x08003634      0x310 cmake/stm32cubemx/CMakeFiles/STM32_Drivers.dir/__/__/Drivers/STM32H7xx_HAL_Driver/Src/stm32h7xx_hal_gpio.c.obj
                0x08003634                HAL_GPIO_Init
 .text.HAL_GPIO_WritePin
                0x08003944       0x34 cmake/stm32cubemx/CMakeFiles/STM32_Drivers.dir/__/__/Drivers/STM32H7xx_HAL_Driver/Src/stm32h7xx_hal_gpio.c.obj
                0x08003944                HAL_GPIO_WritePin
 .text.DMA_CalcBaseAndBitshift
                0x08003978       0x9c cmake/stm32cubemx/CMakeFiles/STM32_Drivers.dir/__/__/Drivers/STM32H7xx_HAL_Driver/Src/stm32h7xx_hal_dma.c.obj
 .text.DMA_CalcDMAMUXChannelBaseAndMask
                0x08003a14       0x94 cmake/stm32cubemx/CMakeFiles/STM32_Drivers.dir/__/__/Drivers/STM32H7xx_HAL_Driver/Src/stm32h7xx_hal_dma.c.obj
 .text.DMA_CalcDMAMUXRequestGenBaseAndMask
                0x08003aa8       0x70 cmake/stm32cubemx/CMakeFiles/STM32_Drivers.dir/__/__/Drivers/STM32H7xx_HAL_Driver/Src/stm32h7xx_hal_dma.c.obj
 .text.HAL_DMA_Init
                0x08003b18      0x504 cmake/stm32cubemx/CMakeFiles/STM32_Drivers.dir/__/__/Drivers/STM32H7xx_HAL_Driver/Src/stm32h7xx_hal_dma.c.obj
                0x08003b18                HAL_DMA_Init
 .text.HAL_DMA_Abort
                0x0800401c      0x22c cmake/stm32cubemx/CMakeFiles/STM32_Drivers.dir/__/__/Drivers/STM32H7xx_HAL_Driver/Src/stm32h7xx_hal_dma.c.obj
                0x0800401c                HAL_DMA_Abort
 .text.HAL_DMA_Abort_IT
                0x08004248      0x120 cmake/stm32cubemx/CMakeFiles/STM32_Drivers.dir/__/__/Drivers/STM32H7xx_HAL_Driver/Src/stm32h7xx_hal_dma.c.obj
                0x08004248                HAL_DMA_Abort_IT
 .text.HAL_DMA_IRQHandler
                0x08004368      0x3a8 cmake/stm32cubemx/CMakeFiles/STM32_Drivers.dir/__/__/Drivers/STM32H7xx_HAL_Driver/Src/stm32h7xx_hal_dma.c.obj
                0x08004368                HAL_DMA_IRQHandler
 .text.HAL_PWREx_ConfigSupply
                0x08004710       0x5c cmake/stm32cubemx/CMakeFiles/STM32_Drivers.dir/__/__/Drivers/STM32H7xx_HAL_Driver/Src/stm32h7xx_hal_pwr_ex.c.obj
                0x08004710                HAL_PWREx_ConfigSupply
 .text.HAL_PWREx_EnableUSBVoltageDetector
                0x0800476c       0x10 cmake/stm32cubemx/CMakeFiles/STM32_Drivers.dir/__/__/Drivers/STM32H7xx_HAL_Driver/Src/stm32h7xx_hal_pwr_ex.c.obj
                0x0800476c                HAL_PWREx_EnableUSBVoltageDetector
 .text.HAL_NVIC_SetPriorityGrouping
                0x0800477c       0x3c cmake/stm32cubemx/CMakeFiles/STM32_Drivers.dir/__/__/Drivers/STM32H7xx_HAL_Driver/Src/stm32h7xx_hal_cortex.c.obj
                0x0800477c                HAL_NVIC_SetPriorityGrouping
 .text.HAL_NVIC_SetPriority
                0x080047b8       0x88 cmake/stm32cubemx/CMakeFiles/STM32_Drivers.dir/__/__/Drivers/STM32H7xx_HAL_Driver/Src/stm32h7xx_hal_cortex.c.obj
                0x080047b8                HAL_NVIC_SetPriority
 .text.HAL_NVIC_EnableIRQ
                0x08004840       0x28 cmake/stm32cubemx/CMakeFiles/STM32_Drivers.dir/__/__/Drivers/STM32H7xx_HAL_Driver/Src/stm32h7xx_hal_cortex.c.obj
                0x08004840                HAL_NVIC_EnableIRQ
 .text.HAL_SYSTICK_Config
                0x08004868       0x28 cmake/stm32cubemx/CMakeFiles/STM32_Drivers.dir/__/__/Drivers/STM32H7xx_HAL_Driver/Src/stm32h7xx_hal_cortex.c.obj
                0x08004868                HAL_SYSTICK_Config
 .text.HAL_MPU_Disable
                0x08004890       0x1c cmake/stm32cubemx/CMakeFiles/STM32_Drivers.dir/__/__/Drivers/STM32H7xx_HAL_Driver/Src/stm32h7xx_hal_cortex.c.obj
                0x08004890                HAL_MPU_Disable
 .text.HAL_MPU_Enable
                0x080048ac       0x20 cmake/stm32cubemx/CMakeFiles/STM32_Drivers.dir/__/__/Drivers/STM32H7xx_HAL_Driver/Src/stm32h7xx_hal_cortex.c.obj
                0x080048ac                HAL_MPU_Enable
 .text.HAL_MPU_ConfigRegion
                0x080048cc      0x108 cmake/stm32cubemx/CMakeFiles/STM32_Drivers.dir/__/__/Drivers/STM32H7xx_HAL_Driver/Src/stm32h7xx_hal_cortex.c.obj
                0x080048cc                HAL_MPU_ConfigRegion
 .text.HAL_InitTick
                0x080049d4       0x4c cmake/stm32cubemx/CMakeFiles/STM32_Drivers.dir/__/__/Drivers/STM32H7xx_HAL_Driver/Src/stm32h7xx_hal.c.obj
                0x080049d4                HAL_InitTick
 .text.HAL_Init
                0x08004a20       0x5c cmake/stm32cubemx/CMakeFiles/STM32_Drivers.dir/__/__/Drivers/STM32H7xx_HAL_Driver/Src/stm32h7xx_hal.c.obj
                0x08004a20                HAL_Init
 .text.HAL_IncTick
                0x08004a7c       0x18 cmake/stm32cubemx/CMakeFiles/STM32_Drivers.dir/__/__/Drivers/STM32H7xx_HAL_Driver/Src/stm32h7xx_hal.c.obj
                0x08004a7c                HAL_IncTick
 .text.HAL_GetTick
                0x08004a94        0xc cmake/stm32cubemx/CMakeFiles/STM32_Drivers.dir/__/__/Drivers/STM32H7xx_HAL_Driver/Src/stm32h7xx_hal.c.obj
                0x08004a94                HAL_GetTick
 .text.HAL_Delay
                0x08004aa0       0x24 cmake/stm32cubemx/CMakeFiles/STM32_Drivers.dir/__/__/Drivers/STM32H7xx_HAL_Driver/Src/stm32h7xx_hal.c.obj
                0x08004aa0                HAL_Delay
 .text.HAL_SYSCFG_AnalogSwitchConfig
                0x08004ac4       0x2c cmake/stm32cubemx/CMakeFiles/STM32_Drivers.dir/__/__/Drivers/STM32H7xx_HAL_Driver/Src/stm32h7xx_hal.c.obj
                0x08004ac4                HAL_SYSCFG_AnalogSwitchConfig
 .text.HAL_CORDIC_Init
                0x08004af0       0x4c cmake/stm32cubemx/CMakeFiles/STM32_Drivers.dir/__/__/Drivers/STM32H7xx_HAL_Driver/Src/stm32h7xx_hal_cordic.c.obj
                0x08004af0                HAL_CORDIC_Init
 .text.HAL_FDCAN_Init
                0x08004b3c      0x5fc cmake/stm32cubemx/CMakeFiles/STM32_Drivers.dir/__/__/Drivers/STM32H7xx_HAL_Driver/Src/stm32h7xx_hal_fdcan.c.obj
                0x08004b3c                HAL_FDCAN_Init
 .text.HAL_FDCAN_ClockCalibrationCallback
                0x08005138        0x2 cmake/stm32cubemx/CMakeFiles/STM32_Drivers.dir/__/__/Drivers/STM32H7xx_HAL_Driver/Src/stm32h7xx_hal_fdcan.c.obj
                0x08005138                HAL_FDCAN_ClockCalibrationCallback
 .text.HAL_FDCAN_TxEventFifoCallback
                0x0800513a        0x2 cmake/stm32cubemx/CMakeFiles/STM32_Drivers.dir/__/__/Drivers/STM32H7xx_HAL_Driver/Src/stm32h7xx_hal_fdcan.c.obj
                0x0800513a                HAL_FDCAN_TxEventFifoCallback
 .text.HAL_FDCAN_RxFifo0Callback
                0x0800513c        0x2 cmake/stm32cubemx/CMakeFiles/STM32_Drivers.dir/__/__/Drivers/STM32H7xx_HAL_Driver/Src/stm32h7xx_hal_fdcan.c.obj
                0x0800513c                HAL_FDCAN_RxFifo0Callback
 .text.HAL_FDCAN_RxFifo1Callback
                0x0800513e        0x2 cmake/stm32cubemx/CMakeFiles/STM32_Drivers.dir/__/__/Drivers/STM32H7xx_HAL_Driver/Src/stm32h7xx_hal_fdcan.c.obj
                0x0800513e                HAL_FDCAN_RxFifo1Callback
 .text.HAL_FDCAN_TxFifoEmptyCallback
                0x08005140        0x2 cmake/stm32cubemx/CMakeFiles/STM32_Drivers.dir/__/__/Drivers/STM32H7xx_HAL_Driver/Src/stm32h7xx_hal_fdcan.c.obj
                0x08005140                HAL_FDCAN_TxFifoEmptyCallback
 .text.HAL_FDCAN_TxBufferCompleteCallback
                0x08005142        0x2 cmake/stm32cubemx/CMakeFiles/STM32_Drivers.dir/__/__/Drivers/STM32H7xx_HAL_Driver/Src/stm32h7xx_hal_fdcan.c.obj
                0x08005142                HAL_FDCAN_TxBufferCompleteCallback
 .text.HAL_FDCAN_TxBufferAbortCallback
                0x08005144        0x2 cmake/stm32cubemx/CMakeFiles/STM32_Drivers.dir/__/__/Drivers/STM32H7xx_HAL_Driver/Src/stm32h7xx_hal_fdcan.c.obj
                0x08005144                HAL_FDCAN_TxBufferAbortCallback
 .text.HAL_FDCAN_RxBufferNewMessageCallback
                0x08005146        0x2 cmake/stm32cubemx/CMakeFiles/STM32_Drivers.dir/__/__/Drivers/STM32H7xx_HAL_Driver/Src/stm32h7xx_hal_fdcan.c.obj
                0x08005146                HAL_FDCAN_RxBufferNewMessageCallback
 .text.HAL_FDCAN_TimestampWraparoundCallback
                0x08005148        0x2 cmake/stm32cubemx/CMakeFiles/STM32_Drivers.dir/__/__/Drivers/STM32H7xx_HAL_Driver/Src/stm32h7xx_hal_fdcan.c.obj
                0x08005148                HAL_FDCAN_TimestampWraparoundCallback
 .text.HAL_FDCAN_TimeoutOccurredCallback
                0x0800514a        0x2 cmake/stm32cubemx/CMakeFiles/STM32_Drivers.dir/__/__/Drivers/STM32H7xx_HAL_Driver/Src/stm32h7xx_hal_fdcan.c.obj
                0x0800514a                HAL_FDCAN_TimeoutOccurredCallback
 .text.HAL_FDCAN_HighPriorityMessageCallback
                0x0800514c        0x2 cmake/stm32cubemx/CMakeFiles/STM32_Drivers.dir/__/__/Drivers/STM32H7xx_HAL_Driver/Src/stm32h7xx_hal_fdcan.c.obj
                0x0800514c                HAL_FDCAN_HighPriorityMessageCallback
 .text.HAL_FDCAN_ErrorCallback
                0x0800514e        0x2 cmake/stm32cubemx/CMakeFiles/STM32_Drivers.dir/__/__/Drivers/STM32H7xx_HAL_Driver/Src/stm32h7xx_hal_fdcan.c.obj
                0x0800514e                HAL_FDCAN_ErrorCallback
 .text.HAL_FDCAN_ErrorStatusCallback
                0x08005150        0x2 cmake/stm32cubemx/CMakeFiles/STM32_Drivers.dir/__/__/Drivers/STM32H7xx_HAL_Driver/Src/stm32h7xx_hal_fdcan.c.obj
                0x08005150                HAL_FDCAN_ErrorStatusCallback
 .text.HAL_FDCAN_TT_ScheduleSyncCallback
                0x08005152        0x2 cmake/stm32cubemx/CMakeFiles/STM32_Drivers.dir/__/__/Drivers/STM32H7xx_HAL_Driver/Src/stm32h7xx_hal_fdcan.c.obj
                0x08005152                HAL_FDCAN_TT_ScheduleSyncCallback
 .text.HAL_FDCAN_TT_TimeMarkCallback
                0x08005154        0x2 cmake/stm32cubemx/CMakeFiles/STM32_Drivers.dir/__/__/Drivers/STM32H7xx_HAL_Driver/Src/stm32h7xx_hal_fdcan.c.obj
                0x08005154                HAL_FDCAN_TT_TimeMarkCallback
 .text.HAL_FDCAN_TT_StopWatchCallback
                0x08005156        0x2 cmake/stm32cubemx/CMakeFiles/STM32_Drivers.dir/__/__/Drivers/STM32H7xx_HAL_Driver/Src/stm32h7xx_hal_fdcan.c.obj
                0x08005156                HAL_FDCAN_TT_StopWatchCallback
 .text.HAL_FDCAN_TT_GlobalTimeCallback
                0x08005158        0x2 cmake/stm32cubemx/CMakeFiles/STM32_Drivers.dir/__/__/Drivers/STM32H7xx_HAL_Driver/Src/stm32h7xx_hal_fdcan.c.obj
                0x08005158                HAL_FDCAN_TT_GlobalTimeCallback
 *fill*         0x0800515a        0x2 
 .text.HAL_FDCAN_IRQHandler
                0x0800515c      0x2d4 cmake/stm32cubemx/CMakeFiles/STM32_Drivers.dir/__/__/Drivers/STM32H7xx_HAL_Driver/Src/stm32h7xx_hal_fdcan.c.obj
                0x0800515c                HAL_FDCAN_IRQHandler
 .text.HAL_IWDG_Init
                0x08005430       0xa8 cmake/stm32cubemx/CMakeFiles/STM32_Drivers.dir/__/__/Drivers/STM32H7xx_HAL_Driver/Src/stm32h7xx_hal_iwdg.c.obj
                0x08005430                HAL_IWDG_Init
 .text.SPI_CloseTransfer
                0x080054d8       0xac cmake/stm32cubemx/CMakeFiles/STM32_Drivers.dir/__/__/Drivers/STM32H7xx_HAL_Driver/Src/stm32h7xx_hal_spi.c.obj
 .text.HAL_SPI_Init
                0x08005584      0x278 cmake/stm32cubemx/CMakeFiles/STM32_Drivers.dir/__/__/Drivers/STM32H7xx_HAL_Driver/Src/stm32h7xx_hal_spi.c.obj
                0x08005584                HAL_SPI_Init
 .text.HAL_SPI_TxCpltCallback
                0x080057fc        0x2 cmake/stm32cubemx/CMakeFiles/STM32_Drivers.dir/__/__/Drivers/STM32H7xx_HAL_Driver/Src/stm32h7xx_hal_spi.c.obj
                0x080057fc                HAL_SPI_TxCpltCallback
 .text.HAL_SPI_RxCpltCallback
                0x080057fe        0x2 cmake/stm32cubemx/CMakeFiles/STM32_Drivers.dir/__/__/Drivers/STM32H7xx_HAL_Driver/Src/stm32h7xx_hal_spi.c.obj
                0x080057fe                HAL_SPI_RxCpltCallback
 .text.HAL_SPI_TxRxCpltCallback
                0x08005800        0x2 cmake/stm32cubemx/CMakeFiles/STM32_Drivers.dir/__/__/Drivers/STM32H7xx_HAL_Driver/Src/stm32h7xx_hal_spi.c.obj
                0x08005800                HAL_SPI_TxRxCpltCallback
 .text.HAL_SPI_ErrorCallback
                0x08005802        0x2 cmake/stm32cubemx/CMakeFiles/STM32_Drivers.dir/__/__/Drivers/STM32H7xx_HAL_Driver/Src/stm32h7xx_hal_spi.c.obj
                0x08005802                HAL_SPI_ErrorCallback
 .text.SPI_DMAAbortOnError
                0x08005804       0x1a cmake/stm32cubemx/CMakeFiles/STM32_Drivers.dir/__/__/Drivers/STM32H7xx_HAL_Driver/Src/stm32h7xx_hal_spi.c.obj
 .text.HAL_SPI_SuspendCallback
                0x0800581e        0x2 cmake/stm32cubemx/CMakeFiles/STM32_Drivers.dir/__/__/Drivers/STM32H7xx_HAL_Driver/Src/stm32h7xx_hal_spi.c.obj
                0x0800581e                HAL_SPI_SuspendCallback
 .text.HAL_SPI_IRQHandler
                0x08005820      0x208 cmake/stm32cubemx/CMakeFiles/STM32_Drivers.dir/__/__/Drivers/STM32H7xx_HAL_Driver/Src/stm32h7xx_hal_spi.c.obj
                0x08005820                HAL_SPI_IRQHandler
 .text.TIM_OC5_SetConfig
                0x08005a28       0x68 cmake/stm32cubemx/CMakeFiles/STM32_Drivers.dir/__/__/Drivers/STM32H7xx_HAL_Driver/Src/stm32h7xx_hal_tim.c.obj
 .text.TIM_OC6_SetConfig
                0x08005a90       0x68 cmake/stm32cubemx/CMakeFiles/STM32_Drivers.dir/__/__/Drivers/STM32H7xx_HAL_Driver/Src/stm32h7xx_hal_tim.c.obj
 .text.TIM_OC1_SetConfig
                0x08005af8       0xbc cmake/stm32cubemx/CMakeFiles/STM32_Drivers.dir/__/__/Drivers/STM32H7xx_HAL_Driver/Src/stm32h7xx_hal_tim.c.obj
 .text.TIM_OC3_SetConfig
                0x08005bb4       0xc8 cmake/stm32cubemx/CMakeFiles/STM32_Drivers.dir/__/__/Drivers/STM32H7xx_HAL_Driver/Src/stm32h7xx_hal_tim.c.obj
 .text.TIM_OC4_SetConfig
                0x08005c7c       0x8c cmake/stm32cubemx/CMakeFiles/STM32_Drivers.dir/__/__/Drivers/STM32H7xx_HAL_Driver/Src/stm32h7xx_hal_tim.c.obj
 .text.HAL_TIM_OC_MspInit
                0x08005d08        0x2 cmake/stm32cubemx/CMakeFiles/STM32_Drivers.dir/__/__/Drivers/STM32H7xx_HAL_Driver/Src/stm32h7xx_hal_tim.c.obj
                0x08005d08                HAL_TIM_OC_MspInit
 .text.HAL_TIM_PWM_MspInit
                0x08005d0a        0x2 cmake/stm32cubemx/CMakeFiles/STM32_Drivers.dir/__/__/Drivers/STM32H7xx_HAL_Driver/Src/stm32h7xx_hal_tim.c.obj
                0x08005d0a                HAL_TIM_PWM_MspInit
 .text.HAL_TIM_PeriodElapsedCallback
                0x08005d0c        0x2 cmake/stm32cubemx/CMakeFiles/STM32_Drivers.dir/__/__/Drivers/STM32H7xx_HAL_Driver/Src/stm32h7xx_hal_tim.c.obj
                0x08005d0c                HAL_TIM_PeriodElapsedCallback
 .text.HAL_TIM_OC_DelayElapsedCallback
                0x08005d0e        0x2 cmake/stm32cubemx/CMakeFiles/STM32_Drivers.dir/__/__/Drivers/STM32H7xx_HAL_Driver/Src/stm32h7xx_hal_tim.c.obj
                0x08005d0e                HAL_TIM_OC_DelayElapsedCallback
 .text.HAL_TIM_IC_CaptureCallback
                0x08005d10        0x2 cmake/stm32cubemx/CMakeFiles/STM32_Drivers.dir/__/__/Drivers/STM32H7xx_HAL_Driver/Src/stm32h7xx_hal_tim.c.obj
                0x08005d10                HAL_TIM_IC_CaptureCallback
 .text.HAL_TIM_PWM_PulseFinishedCallback
                0x08005d12        0x2 cmake/stm32cubemx/CMakeFiles/STM32_Drivers.dir/__/__/Drivers/STM32H7xx_HAL_Driver/Src/stm32h7xx_hal_tim.c.obj
                0x08005d12                HAL_TIM_PWM_PulseFinishedCallback
 .text.HAL_TIM_TriggerCallback
                0x08005d14        0x2 cmake/stm32cubemx/CMakeFiles/STM32_Drivers.dir/__/__/Drivers/STM32H7xx_HAL_Driver/Src/stm32h7xx_hal_tim.c.obj
                0x08005d14                HAL_TIM_TriggerCallback
 .text.HAL_TIM_IRQHandler
                0x08005d16      0x140 cmake/stm32cubemx/CMakeFiles/STM32_Drivers.dir/__/__/Drivers/STM32H7xx_HAL_Driver/Src/stm32h7xx_hal_tim.c.obj
                0x08005d16                HAL_TIM_IRQHandler
 *fill*         0x08005e56        0x2 
 .text.TIM_Base_SetConfig
                0x08005e58       0xb8 cmake/stm32cubemx/CMakeFiles/STM32_Drivers.dir/__/__/Drivers/STM32H7xx_HAL_Driver/Src/stm32h7xx_hal_tim.c.obj
                0x08005e58                TIM_Base_SetConfig
 .text.HAL_TIM_Base_Init
                0x08005f10      0x17c cmake/stm32cubemx/CMakeFiles/STM32_Drivers.dir/__/__/Drivers/STM32H7xx_HAL_Driver/Src/stm32h7xx_hal_tim.c.obj
                0x08005f10                HAL_TIM_Base_Init
 .text.HAL_TIM_OC_Init
                0x0800608c      0x17c cmake/stm32cubemx/CMakeFiles/STM32_Drivers.dir/__/__/Drivers/STM32H7xx_HAL_Driver/Src/stm32h7xx_hal_tim.c.obj
                0x0800608c                HAL_TIM_OC_Init
 .text.HAL_TIM_PWM_Init
                0x08006208      0x17c cmake/stm32cubemx/CMakeFiles/STM32_Drivers.dir/__/__/Drivers/STM32H7xx_HAL_Driver/Src/stm32h7xx_hal_tim.c.obj
                0x08006208                HAL_TIM_PWM_Init
 .text.TIM_OC2_SetConfig
                0x08006384       0xc8 cmake/stm32cubemx/CMakeFiles/STM32_Drivers.dir/__/__/Drivers/STM32H7xx_HAL_Driver/Src/stm32h7xx_hal_tim.c.obj
                0x08006384                TIM_OC2_SetConfig
 .text.HAL_TIM_OC_ConfigChannel
                0x0800644c      0x270 cmake/stm32cubemx/CMakeFiles/STM32_Drivers.dir/__/__/Drivers/STM32H7xx_HAL_Driver/Src/stm32h7xx_hal_tim.c.obj
                0x0800644c                HAL_TIM_OC_ConfigChannel
 .text.HAL_TIM_PWM_ConfigChannel
                0x080066bc      0x328 cmake/stm32cubemx/CMakeFiles/STM32_Drivers.dir/__/__/Drivers/STM32H7xx_HAL_Driver/Src/stm32h7xx_hal_tim.c.obj
                0x080066bc                HAL_TIM_PWM_ConfigChannel
 .text.TIM_ETR_SetConfig
                0x080069e4       0x14 cmake/stm32cubemx/CMakeFiles/STM32_Drivers.dir/__/__/Drivers/STM32H7xx_HAL_Driver/Src/stm32h7xx_hal_tim.c.obj
                0x080069e4                TIM_ETR_SetConfig
 .text.HAL_TIM_ConfigClockSource
                0x080069f8      0x528 cmake/stm32cubemx/CMakeFiles/STM32_Drivers.dir/__/__/Drivers/STM32H7xx_HAL_Driver/Src/stm32h7xx_hal_tim.c.obj
                0x080069f8                HAL_TIM_ConfigClockSource
 .text.HAL_TIMEx_MasterConfigSynchronization
                0x08006f20      0x164 cmake/stm32cubemx/CMakeFiles/STM32_Drivers.dir/__/__/Drivers/STM32H7xx_HAL_Driver/Src/stm32h7xx_hal_tim_ex.c.obj
                0x08006f20                HAL_TIMEx_MasterConfigSynchronization
 .text.HAL_TIMEx_ConfigBreakDeadTime
                0x08007084      0x1b8 cmake/stm32cubemx/CMakeFiles/STM32_Drivers.dir/__/__/Drivers/STM32H7xx_HAL_Driver/Src/stm32h7xx_hal_tim_ex.c.obj
                0x08007084                HAL_TIMEx_ConfigBreakDeadTime
 .text.HAL_TIMEx_CommutCallback
                0x0800723c        0x2 cmake/stm32cubemx/CMakeFiles/STM32_Drivers.dir/__/__/Drivers/STM32H7xx_HAL_Driver/Src/stm32h7xx_hal_tim_ex.c.obj
                0x0800723c                HAL_TIMEx_CommutCallback
 .text.HAL_TIMEx_BreakCallback
                0x0800723e        0x2 cmake/stm32cubemx/CMakeFiles/STM32_Drivers.dir/__/__/Drivers/STM32H7xx_HAL_Driver/Src/stm32h7xx_hal_tim_ex.c.obj
                0x0800723e                HAL_TIMEx_BreakCallback
 .text.HAL_TIMEx_Break2Callback
                0x08007240        0x2 cmake/stm32cubemx/CMakeFiles/STM32_Drivers.dir/__/__/Drivers/STM32H7xx_HAL_Driver/Src/stm32h7xx_hal_tim_ex.c.obj
                0x08007240                HAL_TIMEx_Break2Callback
 *fill*         0x08007242        0x2 
 .text.UART_EndRxTransfer
                0x08007244       0x58 cmake/stm32cubemx/CMakeFiles/STM32_Drivers.dir/__/__/Drivers/STM32H7xx_HAL_Driver/Src/stm32h7xx_hal_uart.c.obj
 .text.HAL_UART_TxCpltCallback
                0x0800729c        0x2 cmake/stm32cubemx/CMakeFiles/STM32_Drivers.dir/__/__/Drivers/STM32H7xx_HAL_Driver/Src/stm32h7xx_hal_uart.c.obj
                0x0800729c                HAL_UART_TxCpltCallback
 .text.HAL_UART_ErrorCallback
                0x0800729e        0x2 cmake/stm32cubemx/CMakeFiles/STM32_Drivers.dir/__/__/Drivers/STM32H7xx_HAL_Driver/Src/stm32h7xx_hal_uart.c.obj
                0x0800729e                HAL_UART_ErrorCallback
 .text.UART_DMAAbortOnError
                0x080072a0       0x10 cmake/stm32cubemx/CMakeFiles/STM32_Drivers.dir/__/__/Drivers/STM32H7xx_HAL_Driver/Src/stm32h7xx_hal_uart.c.obj
 .text.HAL_UARTEx_RxEventCallback
                0x080072b0        0x2 cmake/stm32cubemx/CMakeFiles/STM32_Drivers.dir/__/__/Drivers/STM32H7xx_HAL_Driver/Src/stm32h7xx_hal_uart.c.obj
                0x080072b0                HAL_UARTEx_RxEventCallback
 *fill*         0x080072b2        0x2 
 .text.HAL_UART_IRQHandler
                0x080072b4      0x35c cmake/stm32cubemx/CMakeFiles/STM32_Drivers.dir/__/__/Drivers/STM32H7xx_HAL_Driver/Src/stm32h7xx_hal_uart.c.obj
                0x080072b4                HAL_UART_IRQHandler
 .text.UART_SetConfig
                0x08007610      0x3e4 cmake/stm32cubemx/CMakeFiles/STM32_Drivers.dir/__/__/Drivers/STM32H7xx_HAL_Driver/Src/stm32h7xx_hal_uart.c.obj
                0x08007610                UART_SetConfig
 .text.UART_AdvFeatureConfig
                0x080079f4      0x1d0 cmake/stm32cubemx/CMakeFiles/STM32_Drivers.dir/__/__/Drivers/STM32H7xx_HAL_Driver/Src/stm32h7xx_hal_uart.c.obj
                0x080079f4                UART_AdvFeatureConfig
 .text.UART_WaitOnFlagUntilTimeout
                0x08007bc4       0x90 cmake/stm32cubemx/CMakeFiles/STM32_Drivers.dir/__/__/Drivers/STM32H7xx_HAL_Driver/Src/stm32h7xx_hal_uart.c.obj
                0x08007bc4                UART_WaitOnFlagUntilTimeout
 .text.UART_CheckIdleState
                0x08007c54       0xb6 cmake/stm32cubemx/CMakeFiles/STM32_Drivers.dir/__/__/Drivers/STM32H7xx_HAL_Driver/Src/stm32h7xx_hal_uart.c.obj
                0x08007c54                UART_CheckIdleState
 *fill*         0x08007d0a        0x2 
 .text.HAL_UART_Init
                0x08007d0c      0x134 cmake/stm32cubemx/CMakeFiles/STM32_Drivers.dir/__/__/Drivers/STM32H7xx_HAL_Driver/Src/stm32h7xx_hal_uart.c.obj
                0x08007d0c                HAL_UART_Init
 .text.UARTEx_SetNbDataToProcess
                0x08007e40       0x44 cmake/stm32cubemx/CMakeFiles/STM32_Drivers.dir/__/__/Drivers/STM32H7xx_HAL_Driver/Src/stm32h7xx_hal_uart_ex.c.obj
 .text.HAL_UARTEx_WakeupCallback
                0x08007e84        0x2 cmake/stm32cubemx/CMakeFiles/STM32_Drivers.dir/__/__/Drivers/STM32H7xx_HAL_Driver/Src/stm32h7xx_hal_uart_ex.c.obj
                0x08007e84                HAL_UARTEx_WakeupCallback
 .text.HAL_UARTEx_RxFifoFullCallback
                0x08007e86        0x2 cmake/stm32cubemx/CMakeFiles/STM32_Drivers.dir/__/__/Drivers/STM32H7xx_HAL_Driver/Src/stm32h7xx_hal_uart_ex.c.obj
                0x08007e86                HAL_UARTEx_RxFifoFullCallback
 .text.HAL_UARTEx_TxFifoEmptyCallback
                0x08007e88        0x2 cmake/stm32cubemx/CMakeFiles/STM32_Drivers.dir/__/__/Drivers/STM32H7xx_HAL_Driver/Src/stm32h7xx_hal_uart_ex.c.obj
                0x08007e88                HAL_UARTEx_TxFifoEmptyCallback
 *fill*         0x08007e8a        0x2 
 .text.HAL_UARTEx_DisableFifoMode
                0x08007e8c       0xa4 cmake/stm32cubemx/CMakeFiles/STM32_Drivers.dir/__/__/Drivers/STM32H7xx_HAL_Driver/Src/stm32h7xx_hal_uart_ex.c.obj
                0x08007e8c                HAL_UARTEx_DisableFifoMode
 .text.HAL_UARTEx_SetTxFifoThreshold
                0x08007f30       0xcc cmake/stm32cubemx/CMakeFiles/STM32_Drivers.dir/__/__/Drivers/STM32H7xx_HAL_Driver/Src/stm32h7xx_hal_uart_ex.c.obj
                0x08007f30                HAL_UARTEx_SetTxFifoThreshold
 .text.HAL_UARTEx_SetRxFifoThreshold
                0x08007ffc       0xcc cmake/stm32cubemx/CMakeFiles/STM32_Drivers.dir/__/__/Drivers/STM32H7xx_HAL_Driver/Src/stm32h7xx_hal_uart_ex.c.obj
                0x08007ffc                HAL_UARTEx_SetRxFifoThreshold
 .text.USBD_Init
                0x080080c8       0x26 cmake/stm32cubemx/CMakeFiles/USB_Device_Library.dir/__/__/Middlewares/ST/STM32_USB_Device_Library/Core/Src/usbd_core.c.obj
                0x080080c8                USBD_Init
 .text.USBD_RegisterClass
                0x080080ee       0x32 cmake/stm32cubemx/CMakeFiles/USB_Device_Library.dir/__/__/Middlewares/ST/STM32_USB_Device_Library/Core/Src/usbd_core.c.obj
                0x080080ee                USBD_RegisterClass
 .text.USBD_Start
                0x08008120        0x4 cmake/stm32cubemx/CMakeFiles/USB_Device_Library.dir/__/__/Middlewares/ST/STM32_USB_Device_Library/Core/Src/usbd_core.c.obj
                0x08008120                USBD_Start
 .text.USBD_SetClassConfig
                0x08008124        0xe cmake/stm32cubemx/CMakeFiles/USB_Device_Library.dir/__/__/Middlewares/ST/STM32_USB_Device_Library/Core/Src/usbd_core.c.obj
                0x08008124                USBD_SetClassConfig
 .text.USBD_ClrClassConfig
                0x08008132       0x12 cmake/stm32cubemx/CMakeFiles/USB_Device_Library.dir/__/__/Middlewares/ST/STM32_USB_Device_Library/Core/Src/usbd_core.c.obj
                0x08008132                USBD_ClrClassConfig
 .text.USBD_LL_SetupStage
                0x08008144       0x60 cmake/stm32cubemx/CMakeFiles/USB_Device_Library.dir/__/__/Middlewares/ST/STM32_USB_Device_Library/Core/Src/usbd_core.c.obj
                0x08008144                USBD_LL_SetupStage
 .text.USBD_LL_DataOutStage
                0x080081a4       0x6a cmake/stm32cubemx/CMakeFiles/USB_Device_Library.dir/__/__/Middlewares/ST/STM32_USB_Device_Library/Core/Src/usbd_core.c.obj
                0x080081a4                USBD_LL_DataOutStage
 .text.USBD_LL_DataInStage
                0x0800820e       0xa6 cmake/stm32cubemx/CMakeFiles/USB_Device_Library.dir/__/__/Middlewares/ST/STM32_USB_Device_Library/Core/Src/usbd_core.c.obj
                0x0800820e                USBD_LL_DataInStage
 .text.USBD_LL_Reset
                0x080082b4       0x5e cmake/stm32cubemx/CMakeFiles/USB_Device_Library.dir/__/__/Middlewares/ST/STM32_USB_Device_Library/Core/Src/usbd_core.c.obj
                0x080082b4                USBD_LL_Reset
 .text.USBD_LL_SetSpeed
                0x08008312        0x6 cmake/stm32cubemx/CMakeFiles/USB_Device_Library.dir/__/__/Middlewares/ST/STM32_USB_Device_Library/Core/Src/usbd_core.c.obj
                0x08008312                USBD_LL_SetSpeed
 .text.USBD_LL_Suspend
                0x08008318       0x1c cmake/stm32cubemx/CMakeFiles/USB_Device_Library.dir/__/__/Middlewares/ST/STM32_USB_Device_Library/Core/Src/usbd_core.c.obj
                0x08008318                USBD_LL_Suspend
 .text.USBD_LL_Resume
                0x08008334       0x16 cmake/stm32cubemx/CMakeFiles/USB_Device_Library.dir/__/__/Middlewares/ST/STM32_USB_Device_Library/Core/Src/usbd_core.c.obj
                0x08008334                USBD_LL_Resume
 .text.USBD_LL_SOF
                0x0800834a       0x1a cmake/stm32cubemx/CMakeFiles/USB_Device_Library.dir/__/__/Middlewares/ST/STM32_USB_Device_Library/Core/Src/usbd_core.c.obj
                0x0800834a                USBD_LL_SOF
 .text.USBD_LL_IsoINIncomplete
                0x08008364       0x26 cmake/stm32cubemx/CMakeFiles/USB_Device_Library.dir/__/__/Middlewares/ST/STM32_USB_Device_Library/Core/Src/usbd_core.c.obj
                0x08008364                USBD_LL_IsoINIncomplete
 .text.USBD_LL_IsoOUTIncomplete
                0x0800838a       0x26 cmake/stm32cubemx/CMakeFiles/USB_Device_Library.dir/__/__/Middlewares/ST/STM32_USB_Device_Library/Core/Src/usbd_core.c.obj
                0x0800838a                USBD_LL_IsoOUTIncomplete
 .text.USBD_LL_DevConnected
                0x080083b0        0x4 cmake/stm32cubemx/CMakeFiles/USB_Device_Library.dir/__/__/Middlewares/ST/STM32_USB_Device_Library/Core/Src/usbd_core.c.obj
                0x080083b0                USBD_LL_DevConnected
 .text.USBD_LL_DevDisconnected
                0x080083b4       0x20 cmake/stm32cubemx/CMakeFiles/USB_Device_Library.dir/__/__/Middlewares/ST/STM32_USB_Device_Library/Core/Src/usbd_core.c.obj
                0x080083b4                USBD_LL_DevDisconnected
 .text.USBD_CoreFindIF
                0x080083d4        0x4 cmake/stm32cubemx/CMakeFiles/USB_Device_Library.dir/__/__/Middlewares/ST/STM32_USB_Device_Library/Core/Src/usbd_core.c.obj
                0x080083d4                USBD_CoreFindIF
 .text.USBD_CoreFindEP
                0x080083d8        0x4 cmake/stm32cubemx/CMakeFiles/USB_Device_Library.dir/__/__/Middlewares/ST/STM32_USB_Device_Library/Core/Src/usbd_core.c.obj
                0x080083d8                USBD_CoreFindEP
 .text.USBD_GetEpDesc
                0x080083dc       0x24 cmake/stm32cubemx/CMakeFiles/USB_Device_Library.dir/__/__/Middlewares/ST/STM32_USB_Device_Library/Core/Src/usbd_core.c.obj
                0x080083dc                USBD_GetEpDesc
 .text.USBD_CtlError.constprop.0
                0x08008400       0x16 cmake/stm32cubemx/CMakeFiles/USB_Device_Library.dir/__/__/Middlewares/ST/STM32_USB_Device_Library/Core/Src/usbd_ctlreq.c.obj
 *fill*         0x08008416        0x2 
 .text.USBD_StdDevReq
                0x08008418      0x2f0 cmake/stm32cubemx/CMakeFiles/USB_Device_Library.dir/__/__/Middlewares/ST/STM32_USB_Device_Library/Core/Src/usbd_ctlreq.c.obj
                0x08008418                USBD_StdDevReq
 .text.USBD_StdItfReq
                0x08008708       0x5e cmake/stm32cubemx/CMakeFiles/USB_Device_Library.dir/__/__/Middlewares/ST/STM32_USB_Device_Library/Core/Src/usbd_ctlreq.c.obj
                0x08008708                USBD_StdItfReq
 .text.USBD_StdEPReq
                0x08008766      0x144 cmake/stm32cubemx/CMakeFiles/USB_Device_Library.dir/__/__/Middlewares/ST/STM32_USB_Device_Library/Core/Src/usbd_ctlreq.c.obj
                0x08008766                USBD_StdEPReq
 .text.USBD_ParseSetupRequest
                0x080088aa       0x16 cmake/stm32cubemx/CMakeFiles/USB_Device_Library.dir/__/__/Middlewares/ST/STM32_USB_Device_Library/Core/Src/usbd_ctlreq.c.obj
                0x080088aa                USBD_ParseSetupRequest
 .text.USBD_CtlError
                0x080088c0       0x16 cmake/stm32cubemx/CMakeFiles/USB_Device_Library.dir/__/__/Middlewares/ST/STM32_USB_Device_Library/Core/Src/usbd_ctlreq.c.obj
                0x080088c0                USBD_CtlError
 .text.USBD_GetString
                0x080088d6       0x38 cmake/stm32cubemx/CMakeFiles/USB_Device_Library.dir/__/__/Middlewares/ST/STM32_USB_Device_Library/Core/Src/usbd_ctlreq.c.obj
                0x080088d6                USBD_GetString
 .text.USBD_CtlSendData
                0x0800890e       0x1a cmake/stm32cubemx/CMakeFiles/USB_Device_Library.dir/__/__/Middlewares/ST/STM32_USB_Device_Library/Core/Src/usbd_ioreq.c.obj
                0x0800890e                USBD_CtlSendData
 .text.USBD_CtlContinueSendData
                0x08008928       0x10 cmake/stm32cubemx/CMakeFiles/USB_Device_Library.dir/__/__/Middlewares/ST/STM32_USB_Device_Library/Core/Src/usbd_ioreq.c.obj
                0x08008928                USBD_CtlContinueSendData
 .text.USBD_CtlPrepareRx
                0x08008938       0x1a cmake/stm32cubemx/CMakeFiles/USB_Device_Library.dir/__/__/Middlewares/ST/STM32_USB_Device_Library/Core/Src/usbd_ioreq.c.obj
                0x08008938                USBD_CtlPrepareRx
 .text.USBD_CtlContinueRx
                0x08008952       0x10 cmake/stm32cubemx/CMakeFiles/USB_Device_Library.dir/__/__/Middlewares/ST/STM32_USB_Device_Library/Core/Src/usbd_ioreq.c.obj
                0x08008952                USBD_CtlContinueRx
 .text.USBD_CtlSendStatus
                0x08008962       0x16 cmake/stm32cubemx/CMakeFiles/USB_Device_Library.dir/__/__/Middlewares/ST/STM32_USB_Device_Library/Core/Src/usbd_ioreq.c.obj
                0x08008962                USBD_CtlSendStatus
 .text.USBD_CtlReceiveStatus
                0x08008978       0x16 cmake/stm32cubemx/CMakeFiles/USB_Device_Library.dir/__/__/Middlewares/ST/STM32_USB_Device_Library/Core/Src/usbd_ioreq.c.obj
                0x08008978                USBD_CtlReceiveStatus
 .text.USBD_CDC_EP0_RxReady
                0x0800898e       0x38 cmake/stm32cubemx/CMakeFiles/USB_Device_Library.dir/__/__/Middlewares/ST/STM32_USB_Device_Library/Class/CDC/Src/usbd_cdc.c.obj
 *fill*         0x080089c6        0x2 
 .text.USBD_CDC_GetDeviceQualifierDescriptor
                0x080089c8        0xc cmake/stm32cubemx/CMakeFiles/USB_Device_Library.dir/__/__/Middlewares/ST/STM32_USB_Device_Library/Class/CDC/Src/usbd_cdc.c.obj
                0x080089c8                USBD_CDC_GetDeviceQualifierDescriptor
 .text.USBD_CDC_GetFSCfgDesc
                0x080089d4       0x48 cmake/stm32cubemx/CMakeFiles/USB_Device_Library.dir/__/__/Middlewares/ST/STM32_USB_Device_Library/Class/CDC/Src/usbd_cdc.c.obj
 .text.USBD_CDC_GetOtherSpeedCfgDesc
                0x08008a1c        0x4 cmake/stm32cubemx/CMakeFiles/USB_Device_Library.dir/__/__/Middlewares/ST/STM32_USB_Device_Library/Class/CDC/Src/usbd_cdc.c.obj
 .text.USBD_CDC_GetHSCfgDesc
                0x08008a20       0x48 cmake/stm32cubemx/CMakeFiles/USB_Device_Library.dir/__/__/Middlewares/ST/STM32_USB_Device_Library/Class/CDC/Src/usbd_cdc.c.obj
 .text.USBD_CDC_DataOut
                0x08008a68       0x38 cmake/stm32cubemx/CMakeFiles/USB_Device_Library.dir/__/__/Middlewares/ST/STM32_USB_Device_Library/Class/CDC/Src/usbd_cdc.c.obj
 .text.USBD_CDC_DataIn
                0x08008aa0       0x64 cmake/stm32cubemx/CMakeFiles/USB_Device_Library.dir/__/__/Middlewares/ST/STM32_USB_Device_Library/Class/CDC/Src/usbd_cdc.c.obj
 .text.USBD_CDC_Setup
                0x08008b04       0xf0 cmake/stm32cubemx/CMakeFiles/USB_Device_Library.dir/__/__/Middlewares/ST/STM32_USB_Device_Library/Class/CDC/Src/usbd_cdc.c.obj
 .text.USBD_CDC_DeInit
                0x08008bf4       0x5a cmake/stm32cubemx/CMakeFiles/USB_Device_Library.dir/__/__/Middlewares/ST/STM32_USB_Device_Library/Class/CDC/Src/usbd_cdc.c.obj
 .text.USBD_CDC_Init
                0x08008c4e       0xc6 cmake/stm32cubemx/CMakeFiles/USB_Device_Library.dir/__/__/Middlewares/ST/STM32_USB_Device_Library/Class/CDC/Src/usbd_cdc.c.obj
 .text.USBD_CDC_RegisterInterface
                0x08008d14       0x16 cmake/stm32cubemx/CMakeFiles/USB_Device_Library.dir/__/__/Middlewares/ST/STM32_USB_Device_Library/Class/CDC/Src/usbd_cdc.c.obj
                0x08008d14                USBD_CDC_RegisterInterface
 .text.USBD_CDC_SetTxBuffer
                0x08008d2a       0x1c cmake/stm32cubemx/CMakeFiles/USB_Device_Library.dir/__/__/Middlewares/ST/STM32_USB_Device_Library/Class/CDC/Src/usbd_cdc.c.obj
                0x08008d2a                USBD_CDC_SetTxBuffer
 .text.USBD_CDC_SetRxBuffer
                0x08008d46       0x18 cmake/stm32cubemx/CMakeFiles/USB_Device_Library.dir/__/__/Middlewares/ST/STM32_USB_Device_Library/Class/CDC/Src/usbd_cdc.c.obj
                0x08008d46                USBD_CDC_SetRxBuffer
 .text.USBD_CDC_ReceivePacket
                0x08008d5e       0x2c cmake/stm32cubemx/CMakeFiles/USB_Device_Library.dir/__/__/Middlewares/ST/STM32_USB_Device_Library/Class/CDC/Src/usbd_cdc.c.obj
                0x08008d5e                USBD_CDC_ReceivePacket
 *fill*         0x08008d8a        0x2 
 .text.MX_BDMA_Init
                0x08008d8c       0x38 CMakeFiles/project.dir/Core/Src/bdma.c.obj
                0x08008d8c                MX_BDMA_Init
 .text.MX_CORDIC_Init
                0x08008dc4       0x24 CMakeFiles/project.dir/Core/Src/cordic.c.obj
                0x08008dc4                MX_CORDIC_Init
 .text.HAL_CORDIC_MspInit
                0x08008de8       0x30 CMakeFiles/project.dir/Core/Src/cordic.c.obj
                0x08008de8                HAL_CORDIC_MspInit
 .text.MX_DMA_Init
                0x08008e18       0x78 CMakeFiles/project.dir/Core/Src/dma.c.obj
                0x08008e18                MX_DMA_Init
 .text.MX_FDCAN1_Init
                0x08008e90       0x64 CMakeFiles/project.dir/Core/Src/fdcan.c.obj
                0x08008e90                MX_FDCAN1_Init
 .text.MX_FDCAN2_Init
                0x08008ef4       0x68 CMakeFiles/project.dir/Core/Src/fdcan.c.obj
                0x08008ef4                MX_FDCAN2_Init
 .text.MX_FDCAN3_Init
                0x08008f5c       0x68 CMakeFiles/project.dir/Core/Src/fdcan.c.obj
                0x08008f5c                MX_FDCAN3_Init
 .text.HAL_FDCAN_MspInit
                0x08008fc4      0x170 CMakeFiles/project.dir/Core/Src/fdcan.c.obj
                0x08008fc4                HAL_FDCAN_MspInit
 .text.MX_GPIO_Init
                0x08009134      0x17c CMakeFiles/project.dir/Core/Src/gpio.c.obj
                0x08009134                MX_GPIO_Init
 .text.MX_IWDG1_Init
                0x080092b0       0x30 CMakeFiles/project.dir/Core/Src/iwdg.c.obj
                0x080092b0                MX_IWDG1_Init
 .text.SystemClock_Config
                0x080092e0       0xa8 CMakeFiles/project.dir/Core/Src/main.c.obj
                0x080092e0                SystemClock_Config
 .text.PeriphCommonClock_Config
                0x08009388       0x50 CMakeFiles/project.dir/Core/Src/main.c.obj
                0x08009388                PeriphCommonClock_Config
 .text.startup.main
                0x080093d8       0x8c CMakeFiles/project.dir/Core/Src/main.c.obj
                0x080093d8                main
 .text.Error_Handler
                0x08009464        0x4 CMakeFiles/project.dir/Core/Src/main.c.obj
                0x08009464                Error_Handler
 .text.assert_failed
                0x08009468        0x2 CMakeFiles/project.dir/Core/Src/main.c.obj
                0x08009468                assert_failed
 *fill*         0x0800946a        0x2 
 .text.MX_SPI2_Init
                0x0800946c       0x60 CMakeFiles/project.dir/Core/Src/spi.c.obj
                0x0800946c                MX_SPI2_Init
 .text.MX_SPI6_Init
                0x080094cc       0x60 CMakeFiles/project.dir/Core/Src/spi.c.obj
                0x080094cc                MX_SPI6_Init
 .text.HAL_SPI_MspInit
                0x0800952c      0x16c CMakeFiles/project.dir/Core/Src/spi.c.obj
                0x0800952c                HAL_SPI_MspInit
 .text.HAL_MspInit
                0x08009698       0x24 CMakeFiles/project.dir/Core/Src/stm32h7xx_hal_msp.c.obj
                0x08009698                HAL_MspInit
 .text.NMI_Handler
                0x080096bc        0x2 CMakeFiles/project.dir/Core/Src/stm32h7xx_it.c.obj
                0x080096bc                NMI_Handler
 .text.HardFault_Handler
                0x080096be        0x2 CMakeFiles/project.dir/Core/Src/stm32h7xx_it.c.obj
                0x080096be                HardFault_Handler
 .text.MemManage_Handler
                0x080096c0        0x2 CMakeFiles/project.dir/Core/Src/stm32h7xx_it.c.obj
                0x080096c0                MemManage_Handler
 .text.BusFault_Handler
                0x080096c2        0x2 CMakeFiles/project.dir/Core/Src/stm32h7xx_it.c.obj
                0x080096c2                BusFault_Handler
 .text.UsageFault_Handler
                0x080096c4        0x2 CMakeFiles/project.dir/Core/Src/stm32h7xx_it.c.obj
                0x080096c4                UsageFault_Handler
 .text.SVC_Handler
                0x080096c6        0x2 CMakeFiles/project.dir/Core/Src/stm32h7xx_it.c.obj
                0x080096c6                SVC_Handler
 .text.DebugMon_Handler
                0x080096c8        0x2 CMakeFiles/project.dir/Core/Src/stm32h7xx_it.c.obj
                0x080096c8                DebugMon_Handler
 .text.PendSV_Handler
                0x080096ca        0x2 CMakeFiles/project.dir/Core/Src/stm32h7xx_it.c.obj
                0x080096ca                PendSV_Handler
 .text.SysTick_Handler
                0x080096cc        0x4 CMakeFiles/project.dir/Core/Src/stm32h7xx_it.c.obj
                0x080096cc                SysTick_Handler
 .text.DMA1_Stream0_IRQHandler
                0x080096d0        0xc CMakeFiles/project.dir/Core/Src/stm32h7xx_it.c.obj
                0x080096d0                DMA1_Stream0_IRQHandler
 .text.DMA1_Stream1_IRQHandler
                0x080096dc        0xc CMakeFiles/project.dir/Core/Src/stm32h7xx_it.c.obj
                0x080096dc                DMA1_Stream1_IRQHandler
 .text.DMA1_Stream2_IRQHandler
                0x080096e8        0xc CMakeFiles/project.dir/Core/Src/stm32h7xx_it.c.obj
                0x080096e8                DMA1_Stream2_IRQHandler
 .text.DMA1_Stream3_IRQHandler
                0x080096f4        0xc CMakeFiles/project.dir/Core/Src/stm32h7xx_it.c.obj
                0x080096f4                DMA1_Stream3_IRQHandler
 .text.DMA1_Stream4_IRQHandler
                0x08009700        0xc CMakeFiles/project.dir/Core/Src/stm32h7xx_it.c.obj
                0x08009700                DMA1_Stream4_IRQHandler
 .text.FDCAN1_IT0_IRQHandler
                0x0800970c        0xc CMakeFiles/project.dir/Core/Src/stm32h7xx_it.c.obj
                0x0800970c                FDCAN1_IT0_IRQHandler
 .text.FDCAN2_IT0_IRQHandler
                0x08009718        0xc CMakeFiles/project.dir/Core/Src/stm32h7xx_it.c.obj
                0x08009718                FDCAN2_IT0_IRQHandler
 .text.USART1_IRQHandler
                0x08009724        0xc CMakeFiles/project.dir/Core/Src/stm32h7xx_it.c.obj
                0x08009724                USART1_IRQHandler
 .text.UART5_IRQHandler
                0x08009730        0xc CMakeFiles/project.dir/Core/Src/stm32h7xx_it.c.obj
                0x08009730                UART5_IRQHandler
 .text.TIM6_DAC_IRQHandler
                0x0800973c        0xc CMakeFiles/project.dir/Core/Src/stm32h7xx_it.c.obj
                0x0800973c                TIM6_DAC_IRQHandler
 .text.OTG_HS_IRQHandler
                0x08009748        0xc CMakeFiles/project.dir/Core/Src/stm32h7xx_it.c.obj
                0x08009748                OTG_HS_IRQHandler
 .text.UART7_IRQHandler
                0x08009754        0xc CMakeFiles/project.dir/Core/Src/stm32h7xx_it.c.obj
                0x08009754                UART7_IRQHandler
 .text.SPI6_IRQHandler
                0x08009760        0xc CMakeFiles/project.dir/Core/Src/stm32h7xx_it.c.obj
                0x08009760                SPI6_IRQHandler
 .text.BDMA_Channel0_IRQHandler
                0x0800976c        0xc CMakeFiles/project.dir/Core/Src/stm32h7xx_it.c.obj
                0x0800976c                BDMA_Channel0_IRQHandler
 .text.FDCAN3_IT1_IRQHandler
                0x08009778        0xc CMakeFiles/project.dir/Core/Src/stm32h7xx_it.c.obj
                0x08009778                FDCAN3_IT1_IRQHandler
 .text.MX_TIM2_Init
                0x08009784       0x6c CMakeFiles/project.dir/Core/Src/tim.c.obj
                0x08009784                MX_TIM2_Init
 .text.MX_TIM6_Init
                0x080097f0       0x4c CMakeFiles/project.dir/Core/Src/tim.c.obj
                0x080097f0                MX_TIM6_Init
 .text.HAL_TIM_Base_MspInit
                0x0800983c       0xdc CMakeFiles/project.dir/Core/Src/tim.c.obj
                0x0800983c                HAL_TIM_Base_MspInit
 .text.HAL_TIM_MspPostInit
                0x08009918       0xbc CMakeFiles/project.dir/Core/Src/tim.c.obj
                0x08009918                HAL_TIM_MspPostInit
 .text.MX_TIM1_Init
                0x080099d4       0xf8 CMakeFiles/project.dir/Core/Src/tim.c.obj
                0x080099d4                MX_TIM1_Init
 .text.MX_TIM3_Init
                0x08009acc       0xa0 CMakeFiles/project.dir/Core/Src/tim.c.obj
                0x08009acc                MX_TIM3_Init
 .text.MX_TIM12_Init
                0x08009b6c       0xa8 CMakeFiles/project.dir/Core/Src/tim.c.obj
                0x08009b6c                MX_TIM12_Init
 .text.MX_UART5_Init
                0x08009c14       0x70 CMakeFiles/project.dir/Core/Src/usart.c.obj
                0x08009c14                MX_UART5_Init
 .text.MX_UART7_Init
                0x08009c84       0x68 CMakeFiles/project.dir/Core/Src/usart.c.obj
                0x08009c84                MX_UART7_Init
 .text.MX_USART1_UART_Init
                0x08009cec       0x68 CMakeFiles/project.dir/Core/Src/usart.c.obj
                0x08009cec                MX_USART1_UART_Init
 .text.HAL_UART_MspInit
                0x08009d54      0x2d8 CMakeFiles/project.dir/Core/Src/usart.c.obj
                0x08009d54                HAL_UART_MspInit
 .text.Reset_Handler
                0x0800a02c       0x54 CMakeFiles/project.dir/startup_stm32h723xx.s.obj
                0x0800a02c                Reset_Handler
 .text.Default_Handler
                0x0800a080        0x2 CMakeFiles/project.dir/startup_stm32h723xx.s.obj
                0x0800a080                RTC_Alarm_IRQHandler
                0x0800a080                EXTI2_IRQHandler
                0x0800a080                TIM8_CC_IRQHandler
                0x0800a080                UART8_IRQHandler
                0x0800a080                SPI4_IRQHandler
                0x0800a080                FDCAN3_IT0_IRQHandler
                0x0800a080                TIM1_CC_IRQHandler
                0x0800a080                BDMA_Channel6_IRQHandler
                0x0800a080                DMA2_Stream5_IRQHandler
                0x0800a080                DMA1_Stream5_IRQHandler
                0x0800a080                CORDIC_IRQHandler
                0x0800a080                BDMA_Channel1_IRQHandler
                0x0800a080                TAMP_STAMP_IRQHandler
                0x0800a080                EXTI3_IRQHandler
                0x0800a080                LPTIM4_IRQHandler
                0x0800a080                TIM8_TRG_COM_TIM14_IRQHandler
                0x0800a080                LPTIM2_IRQHandler
                0x0800a080                DFSDM1_FLT1_IRQHandler
                0x0800a080                DMAMUX2_OVR_IRQHandler
                0x0800a080                TIM8_UP_TIM13_IRQHandler
                0x0800a080                I2C3_ER_IRQHandler
                0x0800a080                DFSDM1_FLT2_IRQHandler
                0x0800a080                I2C5_EV_IRQHandler
                0x0800a080                USART10_IRQHandler
                0x0800a080                MDMA_IRQHandler
                0x0800a080                LPTIM3_IRQHandler
                0x0800a080                HSEM1_IRQHandler
                0x0800a080                EXTI0_IRQHandler
                0x0800a080                I2C2_EV_IRQHandler
                0x0800a080                FPU_IRQHandler
                0x0800a080                OTG_HS_WKUP_IRQHandler
                0x0800a080                FDCAN1_IT1_IRQHandler
                0x0800a080                LTDC_ER_IRQHandler
                0x0800a080                DMA2_Stream2_IRQHandler
                0x0800a080                SPI1_IRQHandler
                0x0800a080                OCTOSPI1_IRQHandler
                0x0800a080                DMA2_Stream3_IRQHandler
                0x0800a080                OCTOSPI2_IRQHandler
                0x0800a080                DFSDM1_FLT3_IRQHandler
                0x0800a080                TIM23_IRQHandler
                0x0800a080                USART6_IRQHandler
                0x0800a080                TIM17_IRQHandler
                0x0800a080                USART3_IRQHandler
                0x0800a080                BDMA_Channel7_IRQHandler
                0x0800a080                LPTIM5_IRQHandler
                0x0800a080                ADC3_IRQHandler
                0x0800a080                DMA2_Stream0_IRQHandler
                0x0800a080                TIM4_IRQHandler
                0x0800a080                BDMA_Channel2_IRQHandler
                0x0800a080                I2C1_EV_IRQHandler
                0x0800a080                DMA1_Stream6_IRQHandler
                0x0800a080                DMAMUX1_OVR_IRQHandler
                0x0800a080                TIM16_IRQHandler
                0x0800a080                UART4_IRQHandler
                0x0800a080                BDMA_Channel5_IRQHandler
                0x0800a080                TIM3_IRQHandler
                0x0800a080                RCC_IRQHandler
                0x0800a080                UART9_IRQHandler
                0x0800a080                TIM8_BRK_TIM12_IRQHandler
                0x0800a080                TIM1_TRG_COM_IRQHandler
                0x0800a080                Default_Handler
                0x0800a080                ECC_IRQHandler
                0x0800a080                FMAC_IRQHandler
                0x0800a080                CEC_IRQHandler
                0x0800a080                EXTI15_10_IRQHandler
                0x0800a080                ADC_IRQHandler
                0x0800a080                I2C5_ER_IRQHandler
                0x0800a080                DMA1_Stream7_IRQHandler
                0x0800a080                SPI5_IRQHandler
                0x0800a080                TIM7_IRQHandler
                0x0800a080                SDMMC1_IRQHandler
                0x0800a080                TIM5_IRQHandler
                0x0800a080                DMA2_Stream7_IRQHandler
                0x0800a080                TIM15_IRQHandler
                0x0800a080                PVD_AVD_IRQHandler
                0x0800a080                I2C3_EV_IRQHandler
                0x0800a080                EXTI9_5_IRQHandler
                0x0800a080                RTC_WKUP_IRQHandler
                0x0800a080                LTDC_IRQHandler
                0x0800a080                ETH_WKUP_IRQHandler
                0x0800a080                SPDIF_RX_IRQHandler
                0x0800a080                SPI2_IRQHandler
                0x0800a080                OTG_HS_EP1_IN_IRQHandler
                0x0800a080                TIM24_IRQHandler
                0x0800a080                CRS_IRQHandler
                0x0800a080                EXTI4_IRQHandler
                0x0800a080                RNG_IRQHandler
                0x0800a080                FDCAN2_IT1_IRQHandler
                0x0800a080                ETH_IRQHandler
                0x0800a080                TIM1_UP_IRQHandler
                0x0800a080                BDMA_Channel4_IRQHandler
                0x0800a080                OTG_HS_EP1_OUT_IRQHandler
                0x0800a080                WWDG_IRQHandler
                0x0800a080                MDIOS_IRQHandler
                0x0800a080                I2C4_EV_IRQHandler
                0x0800a080                LPUART1_IRQHandler
                0x0800a080                TIM2_IRQHandler
                0x0800a080                DMA2D_IRQHandler
                0x0800a080                TIM1_BRK_IRQHandler
                0x0800a080                EXTI1_IRQHandler
                0x0800a080                SDMMC2_IRQHandler
                0x0800a080                BDMA_Channel3_IRQHandler
                0x0800a080                DTS_IRQHandler
                0x0800a080                MDIOS_WKUP_IRQHandler
                0x0800a080                USART2_IRQHandler
                0x0800a080                DFSDM1_FLT0_IRQHandler
                0x0800a080                SAI4_IRQHandler
                0x0800a080                I2C2_ER_IRQHandler
                0x0800a080                DMA2_Stream1_IRQHandler
                0x0800a080                FLASH_IRQHandler
                0x0800a080                DMA2_Stream4_IRQHandler
                0x0800a080                SPI3_IRQHandler
                0x0800a080                WAKEUP_PIN_IRQHandler
                0x0800a080                I2C1_ER_IRQHandler
                0x0800a080                FMC_IRQHandler
                0x0800a080                FDCAN_CAL_IRQHandler
                0x0800a080                SWPMI1_IRQHandler
                0x0800a080                COMP1_IRQHandler
                0x0800a080                LPTIM1_IRQHandler
                0x0800a080                DCMI_PSSI_IRQHandler
                0x0800a080                I2C4_ER_IRQHandler
                0x0800a080                DMA2_Stream6_IRQHandler
                0x0800a080                SAI1_IRQHandler
 *fill*         0x0800a082        0x2 
 .text.HAL_PCD_MspInit
                0x0800a084       0x88 CMakeFiles/project.dir/USB_DEVICE/Target/usbd_conf.c.obj
                0x0800a084                HAL_PCD_MspInit
 .text.HAL_PCD_SetupStageCallback
                0x0800a10c        0xc CMakeFiles/project.dir/USB_DEVICE/Target/usbd_conf.c.obj
                0x0800a10c                HAL_PCD_SetupStageCallback
 .text.HAL_PCD_DataOutStageCallback
                0x0800a118       0x12 CMakeFiles/project.dir/USB_DEVICE/Target/usbd_conf.c.obj
                0x0800a118                HAL_PCD_DataOutStageCallback
 .text.HAL_PCD_DataInStageCallback
                0x0800a12a       0x10 CMakeFiles/project.dir/USB_DEVICE/Target/usbd_conf.c.obj
                0x0800a12a                HAL_PCD_DataInStageCallback
 .text.HAL_PCD_SOFCallback
                0x0800a13a        0x8 CMakeFiles/project.dir/USB_DEVICE/Target/usbd_conf.c.obj
                0x0800a13a                HAL_PCD_SOFCallback
 .text.HAL_PCD_ResetCallback
                0x0800a142       0x26 CMakeFiles/project.dir/USB_DEVICE/Target/usbd_conf.c.obj
                0x0800a142                HAL_PCD_ResetCallback
 .text.HAL_PCD_SuspendCallback
                0x0800a168       0x30 CMakeFiles/project.dir/USB_DEVICE/Target/usbd_conf.c.obj
                0x0800a168                HAL_PCD_SuspendCallback
 .text.HAL_PCD_ResumeCallback
                0x0800a198        0x8 CMakeFiles/project.dir/USB_DEVICE/Target/usbd_conf.c.obj
                0x0800a198                HAL_PCD_ResumeCallback
 .text.HAL_PCD_ISOOUTIncompleteCallback
                0x0800a1a0        0x8 CMakeFiles/project.dir/USB_DEVICE/Target/usbd_conf.c.obj
                0x0800a1a0                HAL_PCD_ISOOUTIncompleteCallback
 .text.HAL_PCD_ISOINIncompleteCallback
                0x0800a1a8        0x8 CMakeFiles/project.dir/USB_DEVICE/Target/usbd_conf.c.obj
                0x0800a1a8                HAL_PCD_ISOINIncompleteCallback
 .text.HAL_PCD_ConnectCallback
                0x0800a1b0        0x8 CMakeFiles/project.dir/USB_DEVICE/Target/usbd_conf.c.obj
                0x0800a1b0                HAL_PCD_ConnectCallback
 .text.HAL_PCD_DisconnectCallback
                0x0800a1b8        0x8 CMakeFiles/project.dir/USB_DEVICE/Target/usbd_conf.c.obj
                0x0800a1b8                HAL_PCD_DisconnectCallback
 .text.USBD_LL_Init
                0x0800a1c0       0x68 CMakeFiles/project.dir/USB_DEVICE/Target/usbd_conf.c.obj
                0x0800a1c0                USBD_LL_Init
 .text.USBD_LL_IsStallEP
                0x0800a228       0x24 CMakeFiles/project.dir/USB_DEVICE/Target/usbd_conf.c.obj
                0x0800a228                USBD_LL_IsStallEP
 .text.USBD_LL_GetRxDataSize
                0x0800a24c        0x8 CMakeFiles/project.dir/USB_DEVICE/Target/usbd_conf.c.obj
                0x0800a24c                USBD_LL_GetRxDataSize
 .text.USBD_static_malloc
                0x0800a254        0x8 CMakeFiles/project.dir/USB_DEVICE/Target/usbd_conf.c.obj
                0x0800a254                USBD_static_malloc
 .text.USBD_static_free
                0x0800a25c        0x2 CMakeFiles/project.dir/USB_DEVICE/Target/usbd_conf.c.obj
                0x0800a25c                USBD_static_free
 .text.USBD_Get_USB_Status
                0x0800a25e        0xc CMakeFiles/project.dir/USB_DEVICE/Target/usbd_conf.c.obj
                0x0800a25e                USBD_Get_USB_Status
 .text.USBD_LL_Start
                0x0800a26a       0x12 CMakeFiles/project.dir/USB_DEVICE/Target/usbd_conf.c.obj
                0x0800a26a                USBD_LL_Start
 .text.USBD_LL_OpenEP
                0x0800a27c       0x18 CMakeFiles/project.dir/USB_DEVICE/Target/usbd_conf.c.obj
                0x0800a27c                USBD_LL_OpenEP
 .text.USBD_LL_CloseEP
                0x0800a294       0x12 CMakeFiles/project.dir/USB_DEVICE/Target/usbd_conf.c.obj
                0x0800a294                USBD_LL_CloseEP
 .text.USBD_LL_StallEP
                0x0800a2a6       0x12 CMakeFiles/project.dir/USB_DEVICE/Target/usbd_conf.c.obj
                0x0800a2a6                USBD_LL_StallEP
 .text.USBD_LL_ClearStallEP
                0x0800a2b8       0x12 CMakeFiles/project.dir/USB_DEVICE/Target/usbd_conf.c.obj
                0x0800a2b8                USBD_LL_ClearStallEP
 .text.USBD_LL_SetUSBAddress
                0x0800a2ca       0x12 CMakeFiles/project.dir/USB_DEVICE/Target/usbd_conf.c.obj
                0x0800a2ca                USBD_LL_SetUSBAddress
 .text.USBD_LL_Transmit
                0x0800a2dc       0x12 CMakeFiles/project.dir/USB_DEVICE/Target/usbd_conf.c.obj
                0x0800a2dc                USBD_LL_Transmit
 .text.USBD_LL_PrepareReceive
                0x0800a2ee       0x12 CMakeFiles/project.dir/USB_DEVICE/Target/usbd_conf.c.obj
                0x0800a2ee                USBD_LL_PrepareReceive
 .text.MX_USB_DEVICE_Init
                0x0800a300       0x54 CMakeFiles/project.dir/USB_DEVICE/App/usb_device.c.obj
                0x0800a300                MX_USB_DEVICE_Init
 .text.USBD_HS_DeviceDescriptor
                0x0800a354        0xc CMakeFiles/project.dir/USB_DEVICE/App/usbd_desc.c.obj
                0x0800a354                USBD_HS_DeviceDescriptor
 .text.USBD_HS_LangIDStrDescriptor
                0x0800a360        0xc CMakeFiles/project.dir/USB_DEVICE/App/usbd_desc.c.obj
                0x0800a360                USBD_HS_LangIDStrDescriptor
 .text.IntToUnicode
                0x0800a36c       0x2a CMakeFiles/project.dir/USB_DEVICE/App/usbd_desc.c.obj
 *fill*         0x0800a396        0x2 
 .text.USBD_HS_SerialStrDescriptor
                0x0800a398       0x3c CMakeFiles/project.dir/USB_DEVICE/App/usbd_desc.c.obj
                0x0800a398                USBD_HS_SerialStrDescriptor
 .text.USBD_HS_ManufacturerStrDescriptor
                0x0800a3d4       0x18 CMakeFiles/project.dir/USB_DEVICE/App/usbd_desc.c.obj
                0x0800a3d4                USBD_HS_ManufacturerStrDescriptor
 .text.USBD_HS_ProductStrDescriptor
                0x0800a3ec       0x18 CMakeFiles/project.dir/USB_DEVICE/App/usbd_desc.c.obj
                0x0800a3ec                USBD_HS_ProductStrDescriptor
 .text.USBD_HS_ConfigStrDescriptor
                0x0800a404       0x18 CMakeFiles/project.dir/USB_DEVICE/App/usbd_desc.c.obj
                0x0800a404                USBD_HS_ConfigStrDescriptor
 .text.USBD_HS_InterfaceStrDescriptor
                0x0800a41c       0x18 CMakeFiles/project.dir/USB_DEVICE/App/usbd_desc.c.obj
                0x0800a41c                USBD_HS_InterfaceStrDescriptor
 .text.CDC_DeInit_HS
                0x0800a434        0x4 CMakeFiles/project.dir/USB_DEVICE/App/usbd_cdc_if.c.obj
 .text.CDC_Control_HS
                0x0800a438        0x4 CMakeFiles/project.dir/USB_DEVICE/App/usbd_cdc_if.c.obj
 .text.CDC_TransmitCplt_HS
                0x0800a43c        0x4 CMakeFiles/project.dir/USB_DEVICE/App/usbd_cdc_if.c.obj
 .text.CDC_Receive_HS
                0x0800a440       0x18 CMakeFiles/project.dir/USB_DEVICE/App/usbd_cdc_if.c.obj
 .text.CDC_Init_HS
                0x0800a458       0x24 CMakeFiles/project.dir/USB_DEVICE/App/usbd_cdc_if.c.obj
 .text.__udivmoddi4
                0x0800a47c      0x2f8 C:/PROGRA~2/ARM-GN~1.REL/bin/../lib/gcc/arm-none-eabi/14.3.1/thumb/v7e-m+dp/hard\libgcc.a(_udivmoddi4.o)
                0x0800a47c                __udivmoddi4
 .text.memset   0x0800a774       0x10 C:/PROGRA~2/ARM-GN~1.REL/bin/../lib/gcc/arm-none-eabi/14.3.1/../../../../arm-none-eabi/lib/thumb/v7e-m+dp/hard\libg_nano.a(libc_a-memset.o)
                0x0800a774                memset
 .text.__libc_init_array
                0x0800a784       0x48 C:/PROGRA~2/ARM-GN~1.REL/bin/../lib/gcc/arm-none-eabi/14.3.1/../../../../arm-none-eabi/lib/thumb/v7e-m+dp/hard\libg_nano.a(libc_a-init.o)
                0x0800a784                __libc_init_array
 .text.memcpy   0x0800a7cc       0x1c C:/PROGRA~2/ARM-GN~1.REL/bin/../lib/gcc/arm-none-eabi/14.3.1/../../../../arm-none-eabi/lib/thumb/v7e-m+dp/hard\libg_nano.a(libc_a-memcpy-stub.o)
                0x0800a7cc                memcpy
 *(.glue_7)
 .glue_7        0x0800a7e8        0x0 linker stubs
 *(.glue_7t)
 .glue_7t       0x0800a7e8        0x0 linker stubs
 *(.eh_frame)
 .eh_frame      0x0800a7e8        0x0 C:/PROGRA~2/ARM-GN~1.REL/bin/../lib/gcc/arm-none-eabi/14.3.1/thumb/v7e-m+dp/hard/crtbegin.o
 *(.init)
 .init          0x0800a7e8        0x4 C:/PROGRA~2/ARM-GN~1.REL/bin/../lib/gcc/arm-none-eabi/14.3.1/thumb/v7e-m+dp/hard/crti.o
                0x0800a7e8                _init
 .init          0x0800a7ec        0x8 C:/PROGRA~2/ARM-GN~1.REL/bin/../lib/gcc/arm-none-eabi/14.3.1/thumb/v7e-m+dp/hard/crtn.o
 *(.fini)
 .fini          0x0800a7f4        0x4 C:/PROGRA~2/ARM-GN~1.REL/bin/../lib/gcc/arm-none-eabi/14.3.1/thumb/v7e-m+dp/hard/crti.o
                0x0800a7f4                _fini
 .fini          0x0800a7f8        0x8 C:/PROGRA~2/ARM-GN~1.REL/bin/../lib/gcc/arm-none-eabi/14.3.1/thumb/v7e-m+dp/hard/crtn.o
                0x0800a800                        . = ALIGN (0x4)
                0x0800a800                        _etext = .

.vfp11_veneer   0x0800a800        0x0
 .vfp11_veneer  0x0800a800        0x0 linker stubs

.v4_bx          0x0800a800        0x0
 .v4_bx         0x0800a800        0x0 linker stubs

.iplt           0x0800a800        0x0
 .iplt          0x0800a800        0x0 C:/PROGRA~2/ARM-GN~1.REL/bin/../lib/gcc/arm-none-eabi/14.3.1/thumb/v7e-m+dp/hard/crtbegin.o

.rodata         0x0800a800      0x6f4
                0x0800a800                        . = ALIGN (0x4)
 *(.rodata)
 .rodata        0x0800a800       0x4c cmake/stm32cubemx/CMakeFiles/STM32_Drivers.dir/__/__/Drivers/STM32H7xx_HAL_Driver/Src/stm32h7xx_hal_fdcan.c.obj
 *(.rodata*)
 .rodata.D1CorePrescTable
                0x0800a84c       0x10 cmake/stm32cubemx/CMakeFiles/STM32_Drivers.dir/__/__/Core/Src/system_stm32h7xx.c.obj
                0x0800a84c                D1CorePrescTable
 .rodata.HAL_PCD_Init.str1.1
                0x0800a85c      0x666 cmake/stm32cubemx/CMakeFiles/STM32_Drivers.dir/__/__/Drivers/STM32H7xx_HAL_Driver/Src/stm32h7xx_hal_pcd.c.obj
                                 0x61 (size before relaxing)
 .rodata.HAL_RCC_OscConfig.str1.1
                0x0800aec2       0x61 cmake/stm32cubemx/CMakeFiles/STM32_Drivers.dir/__/__/Drivers/STM32H7xx_HAL_Driver/Src/stm32h7xx_hal_rcc.c.obj
 .rodata.RCCEx_PLL2_Config.str1.1
                0x0800aec2       0x64 cmake/stm32cubemx/CMakeFiles/STM32_Drivers.dir/__/__/Drivers/STM32H7xx_HAL_Driver/Src/stm32h7xx_hal_rcc_ex.c.obj
 .rodata.HAL_GPIO_Init.str1.1
                0x0800aec2       0x62 cmake/stm32cubemx/CMakeFiles/STM32_Drivers.dir/__/__/Drivers/STM32H7xx_HAL_Driver/Src/stm32h7xx_hal_gpio.c.obj
 .rodata.HAL_DMA_Init.str1.1
                0x0800aec2       0x61 cmake/stm32cubemx/CMakeFiles/STM32_Drivers.dir/__/__/Drivers/STM32H7xx_HAL_Driver/Src/stm32h7xx_hal_dma.c.obj
 .rodata.flagBitshiftOffset.0
                0x0800aec2        0x8 cmake/stm32cubemx/CMakeFiles/STM32_Drivers.dir/__/__/Drivers/STM32H7xx_HAL_Driver/Src/stm32h7xx_hal_dma.c.obj
 .rodata.HAL_PWREx_ConfigSupply.str1.1
                0x0800aeca       0x64 cmake/stm32cubemx/CMakeFiles/STM32_Drivers.dir/__/__/Drivers/STM32H7xx_HAL_Driver/Src/stm32h7xx_hal_pwr_ex.c.obj
 .rodata.HAL_NVIC_SetPriorityGrouping.str1.1
                0x0800aeca       0x64 cmake/stm32cubemx/CMakeFiles/STM32_Drivers.dir/__/__/Drivers/STM32H7xx_HAL_Driver/Src/stm32h7xx_hal_cortex.c.obj
 .rodata.HAL_SetTickFreq.str1.1
                0x0800aeca       0x5d cmake/stm32cubemx/CMakeFiles/STM32_Drivers.dir/__/__/Drivers/STM32H7xx_HAL_Driver/Src/stm32h7xx_hal.c.obj
 .rodata.HAL_CORDIC_Init.str1.1
                0x0800aeca       0x64 cmake/stm32cubemx/CMakeFiles/STM32_Drivers.dir/__/__/Drivers/STM32H7xx_HAL_Driver/Src/stm32h7xx_hal_cordic.c.obj
 .rodata.HAL_FDCAN_Init.str1.1
                0x0800aeca       0x63 cmake/stm32cubemx/CMakeFiles/STM32_Drivers.dir/__/__/Drivers/STM32H7xx_HAL_Driver/Src/stm32h7xx_hal_fdcan.c.obj
 .rodata.HAL_IWDG_Init.str1.1
                0x0800aeca       0x62 cmake/stm32cubemx/CMakeFiles/STM32_Drivers.dir/__/__/Drivers/STM32H7xx_HAL_Driver/Src/stm32h7xx_hal_iwdg.c.obj
 .rodata.HAL_SPI_Init.str1.1
                0x0800aeca       0x61 cmake/stm32cubemx/CMakeFiles/STM32_Drivers.dir/__/__/Drivers/STM32H7xx_HAL_Driver/Src/stm32h7xx_hal_spi.c.obj
 .rodata.TIM_OC1_SetConfig.str1.1
                0x0800aeca       0x61 cmake/stm32cubemx/CMakeFiles/STM32_Drivers.dir/__/__/Drivers/STM32H7xx_HAL_Driver/Src/stm32h7xx_hal_tim.c.obj
 .rodata.HAL_TIMEx_HallSensor_Init.str1.1
                0x0800aeca       0x64 cmake/stm32cubemx/CMakeFiles/STM32_Drivers.dir/__/__/Drivers/STM32H7xx_HAL_Driver/Src/stm32h7xx_hal_tim_ex.c.obj
 .rodata.HAL_UART_DeInit.str1.1
                0x0800aeca       0x62 cmake/stm32cubemx/CMakeFiles/STM32_Drivers.dir/__/__/Drivers/STM32H7xx_HAL_Driver/Src/stm32h7xx_hal_uart.c.obj
 .rodata.UARTPrescTable
                0x0800aeca       0x18 cmake/stm32cubemx/CMakeFiles/STM32_Drivers.dir/__/__/Drivers/STM32H7xx_HAL_Driver/Src/stm32h7xx_hal_uart.c.obj
                0x0800aeca                UARTPrescTable
 .rodata.HAL_RS485Ex_Init.str1.1
                0x0800aee2       0x65 cmake/stm32cubemx/CMakeFiles/STM32_Drivers.dir/__/__/Drivers/STM32H7xx_HAL_Driver/Src/stm32h7xx_hal_uart_ex.c.obj
 .rodata.denominator.0
                0x0800aee2        0x8 cmake/stm32cubemx/CMakeFiles/STM32_Drivers.dir/__/__/Drivers/STM32H7xx_HAL_Driver/Src/stm32h7xx_hal_uart_ex.c.obj
 .rodata.numerator.1
                0x0800aeea        0x8 cmake/stm32cubemx/CMakeFiles/STM32_Drivers.dir/__/__/Drivers/STM32H7xx_HAL_Driver/Src/stm32h7xx_hal_uart_ex.c.obj
 .rodata.USBD_HS_ManufacturerStrDescriptor.str1.1
                0x0800aef2       0x13 CMakeFiles/project.dir/USB_DEVICE/App/usbd_desc.c.obj
 .rodata.USBD_HS_ProductStrDescriptor.str1.1
                0x0800aef2       0x16 CMakeFiles/project.dir/USB_DEVICE/App/usbd_desc.c.obj
 .rodata.USBD_HS_ConfigStrDescriptor.str1.1
                0x0800aef2        0xb CMakeFiles/project.dir/USB_DEVICE/App/usbd_desc.c.obj
 .rodata.USBD_HS_InterfaceStrDescriptor.str1.1
                0x0800aef2        0xe CMakeFiles/project.dir/USB_DEVICE/App/usbd_desc.c.obj
                0x0800af48                        . = ALIGN (0x4)
 *fill*         0x0800aef2        0x2 

.ARM.extab      0x0800aef4        0x0
                0x0800aef4                        . = ALIGN (0x4)
 *(.ARM.extab* .gnu.linkonce.armextab.*)
                0x0800aef4                        . = ALIGN (0x4)

.ARM            0x0800aef4        0x8
                0x0800aef4                        . = ALIGN (0x4)
                0x0800aef4                        __exidx_start = .
 *(.ARM.exidx*)
 .ARM.exidx     0x0800aef4        0x8 C:/PROGRA~2/ARM-GN~1.REL/bin/../lib/gcc/arm-none-eabi/14.3.1/../../../../arm-none-eabi/lib/thumb/v7e-m+dp/hard\libg_nano.a(libc_a-strlen.o)
 .ARM.exidx.text.__udivmoddi4
                0x0800aefc        0x0 C:/PROGRA~2/ARM-GN~1.REL/bin/../lib/gcc/arm-none-eabi/14.3.1/thumb/v7e-m+dp/hard\libgcc.a(_udivmoddi4.o)
                                  0x8 (size before relaxing)
                0x0800aefc                        __exidx_end = .
                0x0800aefc                        . = ALIGN (0x4)

.preinit_array  0x0800aefc        0x0
                0x0800aefc                        . = ALIGN (0x4)
                0x0800aefc                        PROVIDE (__preinit_array_start = .)
 *(.preinit_array*)
                0x0800aefc                        PROVIDE (__preinit_array_end = .)
                0x0800aefc                        . = ALIGN (0x4)

.init_array     0x0800aefc        0x4
                0x0800aefc                        . = ALIGN (0x4)
                0x0800aefc                        PROVIDE (__init_array_start = .)
 *(SORT_BY_NAME(.init_array.*))
 *(.init_array*)
 .init_array    0x0800aefc        0x4 C:/PROGRA~2/ARM-GN~1.REL/bin/../lib/gcc/arm-none-eabi/14.3.1/thumb/v7e-m+dp/hard/crtbegin.o
                0x0800af00                        PROVIDE (__init_array_end = .)
                0x0800af00                        . = ALIGN (0x4)

.fini_array     0x0800af00        0x4
                0x0800af00                        . = ALIGN (0x4)
                [!provide]                        PROVIDE (__fini_array_start = .)
 *(SORT_BY_NAME(.fini_array.*))
 *(.fini_array*)
 .fini_array    0x0800af00        0x4 C:/PROGRA~2/ARM-GN~1.REL/bin/../lib/gcc/arm-none-eabi/14.3.1/thumb/v7e-m+dp/hard/crtbegin.o
                [!provide]                        PROVIDE (__fini_array_end = .)
                0x0800af04                        . = ALIGN (0x4)
                0x0800af04                        _sidata = LOADADDR (.data)

.rel.dyn        0x0800af04        0x0
 .rel.iplt      0x0800af04        0x0 C:/PROGRA~2/ARM-GN~1.REL/bin/../lib/gcc/arm-none-eabi/14.3.1/thumb/v7e-m+dp/hard/crtbegin.o

.data           0x20000000      0x100 load address 0x0800af04
                0x20000000                        . = ALIGN (0x4)
                0x20000000                        _sdata = .
 *(.data)
 *(.data*)
 .data.SystemD2Clock
                0x20000000        0x4 cmake/stm32cubemx/CMakeFiles/STM32_Drivers.dir/__/__/Core/Src/system_stm32h7xx.c.obj
                0x20000000                SystemD2Clock
 .data.SystemCoreClock
                0x20000004        0x4 cmake/stm32cubemx/CMakeFiles/STM32_Drivers.dir/__/__/Core/Src/system_stm32h7xx.c.obj
                0x20000004                SystemCoreClock
 .data.uwTickFreq
                0x20000008        0x1 cmake/stm32cubemx/CMakeFiles/STM32_Drivers.dir/__/__/Drivers/STM32H7xx_HAL_Driver/Src/stm32h7xx_hal.c.obj
                0x20000008                uwTickFreq
 *fill*         0x20000009        0x3 
 .data.uwTickPrio
                0x2000000c        0x4 cmake/stm32cubemx/CMakeFiles/STM32_Drivers.dir/__/__/Drivers/STM32H7xx_HAL_Driver/Src/stm32h7xx_hal.c.obj
                0x2000000c                uwTickPrio
 .data.USBD_CDC_CfgDesc
                0x20000010       0x43 cmake/stm32cubemx/CMakeFiles/USB_Device_Library.dir/__/__/Middlewares/ST/STM32_USB_Device_Library/Class/CDC/Src/usbd_cdc.c.obj
 *fill*         0x20000053        0x1 
 .data.USBD_CDC
                0x20000054       0x38 cmake/stm32cubemx/CMakeFiles/USB_Device_Library.dir/__/__/Middlewares/ST/STM32_USB_Device_Library/Class/CDC/Src/usbd_cdc.c.obj
                0x20000054                USBD_CDC
 .data.USBD_CDC_DeviceQualifierDesc
                0x2000008c        0xa cmake/stm32cubemx/CMakeFiles/USB_Device_Library.dir/__/__/Middlewares/ST/STM32_USB_Device_Library/Class/CDC/Src/usbd_cdc.c.obj
 *fill*         0x20000096        0x2 
 .data.USBD_StringSerial
                0x20000098       0x1a CMakeFiles/project.dir/USB_DEVICE/App/usbd_desc.c.obj
                0x20000098                USBD_StringSerial
 *fill*         0x200000b2        0x2 
 .data.USBD_LangIDDesc
                0x200000b4        0x4 CMakeFiles/project.dir/USB_DEVICE/App/usbd_desc.c.obj
                0x200000b4                USBD_LangIDDesc
 .data.USBD_HS_DeviceDesc
                0x200000b8       0x12 CMakeFiles/project.dir/USB_DEVICE/App/usbd_desc.c.obj
                0x200000b8                USBD_HS_DeviceDesc
 *fill*         0x200000ca        0x2 
 .data.HS_Desc  0x200000cc       0x20 CMakeFiles/project.dir/USB_DEVICE/App/usbd_desc.c.obj
                0x200000cc                HS_Desc
 .data.USBD_Interface_fops_HS
                0x200000ec       0x14 CMakeFiles/project.dir/USB_DEVICE/App/usbd_cdc_if.c.obj
                0x200000ec                USBD_Interface_fops_HS
 *(.RamFunc)
 *(.RamFunc*)
                0x20000100                        . = ALIGN (0x4)

.tm_clone_table
                0x20000100        0x0 load address 0x0800b004
 .tm_clone_table
                0x20000100        0x0 C:/PROGRA~2/ARM-GN~1.REL/bin/../lib/gcc/arm-none-eabi/14.3.1/thumb/v7e-m+dp/hard/crtbegin.o
 .tm_clone_table
                0x20000100        0x0 C:/PROGRA~2/ARM-GN~1.REL/bin/../lib/gcc/arm-none-eabi/14.3.1/thumb/v7e-m+dp/hard/crtend.o

.igot.plt       0x20000100        0x0 load address 0x0800b004
 .igot.plt      0x20000100        0x0 C:/PROGRA~2/ARM-GN~1.REL/bin/../lib/gcc/arm-none-eabi/14.3.1/thumb/v7e-m+dp/hard/crtbegin.o

.tdata          0x20000100        0x0 load address 0x0800b004
 *(.tdata .tdata.* .gnu.linkonce.td.*)